[20:53:23] ==> Kiểm tra prerequisites
Vagrant 2.4.9
7.0.20r163906
[20:53:23] ==> VAGRANT_DEFAULT_PROVIDER=virtualbox
[20:53:23] ==> Sinh SSH key dùng chung cho cluster (idempotent)
[20:53:23]     đã có provision/cluster_id_rsa, bỏ qua
[20:53:24] ==> vagrant up (tuần tự, có retry — boot_timeout=1200s từ Vagrantfile)
[20:53:24] ==> bring up node1
[20:53:29]     node1: đã running (skip)
[20:53:29] ==> bring up node2
[20:53:33]     node2: đã running (skip)
[20:53:33] ==> bring up node3
[20:53:38]     node3: đã running (skip)
[20:53:38] ==> bring up mgmt
[20:53:43]     mgmt: đã running (skip)
[20:53:43] ==> Kiểm tra trạng thái VM
Current machine states:

node1                     running (virtualbox)
node2                     running (virtualbox)
node3                     running (virtualbox)
mgmt                      running (virtualbox)

This environment represents multiple VMs. The VMs are all listed
above with their current state. For more information about a specific
VM, run `vagrant status NAME`.
[20:53:50] ==> Test connectivity giữa các node
[20:53:51]     node1 <-> các node khác:
    node1 -> node2 OK
    node1 -> node3 OK
    node1 -> mgmt OK
[20:53:56]     node2 <-> các node khác:
    node2 -> node1 OK
    node2 -> node3 OK
    node2 -> mgmt OK
[20:54:02]     node3 <-> các node khác:
    node3 -> node1 OK
    node3 -> node2 OK
    node3 -> mgmt OK
[20:54:07]     mgmt <-> các node khác:
    mgmt -> node1 OK
    mgmt -> node2 OK
    mgmt -> node3 OK
[20:54:13] ==> Bước 1 hoàn tất. Tiếp theo: bash demo/08-vagrant-lab/02-prepare-os.sh
