[21:05:18] ==> [node1] inject shared key (provisioner ssh-trust)
==> node1: Running provisioner: ssh-trust (shell)...
    node1: Running: inline script
[21:05:26] ==> [node2] inject shared key (provisioner ssh-trust)
==> node2: Running provisioner: ssh-trust (shell)...
    node2: Running: inline script
[21:05:34] ==> [node3] inject shared key (provisioner ssh-trust)
==> node3: Running provisioner: ssh-trust (shell)...
    node3: Running: inline script
[21:05:42] ==> [mgmt] inject shared key (provisioner ssh-trust)
==> mgmt: Running provisioner: ssh-trust (shell)...
    mgmt: Running: inline script
[21:05:49] ==> Verify vagrant user SSH passwordless cross VMs
[21:11:51] ==> [node1] inject shared key (provisioner ssh-trust)
==> node1: Running provisioner: ssh-trust (shell)...
    node1: Running: inline script
[21:11:58] ==> [node2] inject shared key (provisioner ssh-trust)
==> node2: Running provisioner: ssh-trust (shell)...
    node2: Running: inline script
[21:12:07] ==> [node3] inject shared key (provisioner ssh-trust)
==> node3: Running provisioner: ssh-trust (shell)...
    node3: Running: inline script
[21:12:16] ==> [mgmt] inject shared key (provisioner ssh-trust)
==> mgmt: Running provisioner: ssh-trust (shell)...
    mgmt: Running: inline script
[21:12:24] ==> Verify vagrant user SSH passwordless cross VMs
[21:12:31]     [node1 -> node2] OK
[21:12:39]     [node1 -> node3] OK
[21:12:47]     [node1 -> mgmt] OK
[21:12:54]     [node2 -> node1] OK
[21:13:02]     [node2 -> node3] OK
[21:13:09]     [node2 -> mgmt] OK
[21:13:17]     [node3 -> node1] OK
[21:13:24]     [node3 -> node2] OK
[21:13:32]     [node3 -> mgmt] OK
[21:13:40]     [mgmt -> node1] OK
[21:13:48]     [mgmt -> node2] OK
[21:13:55]     [mgmt -> node3] OK
[21:13:55] ==> Bước 3 hoàn tất. Tiếp theo: bash demo/08-vagrant-lab/04-verify.sh
