[21:14:14] ================ VERIFY VAGRANT LAB ================
[ OK ] [node1] running
[ OK ] [node2] running
[ OK ] [node3] running
[ OK ] [mgmt] running
[ OK ] [node1 -> node2] ping OK
[ OK ] [node1 -> node3] ping OK
[ OK ] [node1 -> mgmt] ping OK
[ OK ] [node2 -> node1] ping OK
[ OK ] [node2 -> node3] ping OK
[ OK ] [node2 -> mgmt] ping OK
[ OK ] [node3 -> node1] ping OK
[ OK ] [node3 -> node2] ping OK
[ OK ] [node3 -> mgmt] ping OK
[ OK ] [mgmt -> node1] ping OK
[ OK ] [mgmt -> node2] ping OK
[ OK ] [mgmt -> node3] ping OK
[ OK ] [node1] /etc/hosts có ≥4 entries (9)
[ OK ] [node2] /etc/hosts có ≥4 entries (9)
[ OK ] [node3] /etc/hosts có ≥4 entries (9)
[ OK ] [mgmt] /etc/hosts có ≥4 entries (9)
[ OK ] [node1] swap OFF
[ OK ] [node2] swap OFF
[ OK ] [node3] swap OFF
[ OK ] [mgmt] swap OFF
[ OK ] [node1] NTP synchronized
[ OK ] [node2] NTP synchronized
[ OK ] [node3] NTP synchronized
[ OK ] [mgmt] NTP synchronized
[ OK ] [node1] vm.swappiness=1
[ OK ] [node1] fs.file-max=2097152
[ OK ] [node2] vm.swappiness=1
[ OK ] [node2] fs.file-max=2097152
[ OK ] [node3] vm.swappiness=1
[ OK ] [node3] fs.file-max=2097152
[ OK ] [mgmt] vm.swappiness=1
[ OK ] [mgmt] fs.file-max=2097152
[ OK ] [node1 -> node2] ssh OK
[ OK ] [node1 -> node3] ssh OK
[ OK ] [node1 -> mgmt] ssh OK
[ OK ] [node2 -> node1] ssh OK
[ OK ] [node2 -> node3] ssh OK
[ OK ] [node2 -> mgmt] ssh OK
[ OK ] [node3 -> node1] ssh OK
[ OK ] [node3 -> node2] ssh OK
[ OK ] [node3 -> mgmt] ssh OK
[ OK ] [mgmt -> node1] ssh OK
[ OK ] [mgmt -> node2] ssh OK
[ OK ] [mgmt -> node3] ssh OK
[21:20:11] ================ KẾT QUẢ ================
[21:20:11] VERIFY_PASS=true — lab sẵn sàng cho bất kỳ demo HA nào
VERIFY_PASS=true
