[21:20:41] ==> Snapshot tên 'clean' cho 4 VMs (có thể mất 1-2 phút)
[21:20:49]     [node1] snapshot save 'clean'
==> node1: Snapshotting the machine as 'clean'...
==> node1: Snapshot saved! You can restore the snapshot at any time by
==> node1: using `vagrant snapshot restore`. You can delete it using
==> node1: `vagrant snapshot delete`.
[21:21:13]     [node2] snapshot save 'clean'
==> node2: Snapshotting the machine as 'clean'...
==> node2: Snapshot saved! You can restore the snapshot at any time by
==> node2: using `vagrant snapshot restore`. You can delete it using
==> node2: `vagrant snapshot delete`.
[21:21:37]     [node3] snapshot save 'clean'
==> node3: Snapshotting the machine as 'clean'...
==> node3: Snapshot saved! You can restore the snapshot at any time by
==> node3: using `vagrant snapshot restore`. You can delete it using
==> node3: `vagrant snapshot delete`.
[21:22:01]     [mgmt] snapshot save 'clean'
==> mgmt: Snapshotting the machine as 'clean'...
==> mgmt: Snapshot saved! You can restore the snapshot at any time by
==> mgmt: using `vagrant snapshot restore`. You can delete it using
==> mgmt: `vagrant snapshot delete`.
[21:22:14] ==> Liệt kê tất cả snapshots
[21:22:14]     --- node1 ---
==> node1: 
clean
[21:22:21]     --- node2 ---
==> node2: 
clean
[21:22:27]     --- node3 ---
==> node3: 
clean
[21:22:33]     --- mgmt ---
==> mgmt: 
clean
[21:22:39] ==> Để rollback toàn bộ 4 VMs về snapshot 'clean':
[21:22:39]     for N in node1 node2 node3 mgmt; do vagrant snapshot restore $N clean; done
