[20:54:51] ==> prepare-os trên node1
==> node1: Running provisioner: common-prep (shell)...
    node1: Running: inline script
    node1: [13:55:00] ==> Cập nhật /etc/hosts (idempotent — xoá block cũ trước khi append)
    node1: [13:55:00] ==> Tắt swap (khuyến nghị với MySQL)
    node1: [13:55:00] ==> Đồng bộ thời gian (chronyd / systemd-timesyncd)
    node1: Hit:1 http://repo.percona.com/prel/apt jammy InRelease
    node1: Hit:2 http://repo.percona.com/pxc-80/apt jammy InRelease
    node1: Hit:3 http://repo.percona.com/telemetry/apt jammy InRelease
    node1: Get:4 http://security.ubuntu.com/ubuntu jammy-security InRelease [129 kB]
    node1: Hit:5 http://us.archive.ubuntu.com/ubuntu jammy InRelease
    node1: Get:6 http://security.ubuntu.com/ubuntu jammy-security/main amd64 Packages [3,242 kB]
    node1: Get:7 http://us.archive.ubuntu.com/ubuntu jammy-updates InRelease [128 kB]
    node1: Get:8 http://security.ubuntu.com/ubuntu jammy-security/main Translation-en [455 kB]
    node1: Get:9 http://security.ubuntu.com/ubuntu jammy-security/restricted amd64 Packages [5,758 kB]
    node1: Get:10 http://security.ubuntu.com/ubuntu jammy-security/restricted Translation-en [1,099 kB]
    node1: Get:11 http://security.ubuntu.com/ubuntu jammy-security/universe amd64 Packages [1,031 kB]
    node1: Get:12 http://security.ubuntu.com/ubuntu jammy-security/universe Translation-en [227 kB]
    node1: Hit:13 http://us.archive.ubuntu.com/ubuntu jammy-backports InRelease
    node1: Get:14 http://us.archive.ubuntu.com/ubuntu jammy-updates/restricted amd64 Packages [5,993 kB]
    node1: Get:15 http://us.archive.ubuntu.com/ubuntu jammy-updates/restricted Translation-en [1,140 kB]
    node1: Get:16 http://us.archive.ubuntu.com/ubuntu jammy-updates/multiverse amd64 Packages [71.6 kB]
    node1: Get:17 http://us.archive.ubuntu.com/ubuntu jammy-updates/multiverse Translation-en [15.5 kB]
    node1: Fetched 19.3 MB in 6s (3,288 kB/s)
    node1: Reading package lists...
    node1: Reading package lists...
    node1: Building dependency tree...
    node1: Reading state information...
    node1: chrony is already the newest version (4.2-2ubuntu2).
    node1: 0 upgraded, 0 newly installed, 0 to remove and 119 not upgraded.
    node1: Synchronizing state of chrony.service with SysV service script with /lib/systemd/systemd-sysv-install.
    node1: Executing: /lib/systemd/systemd-sysv-install enable chrony
    node1: [13:55:09] ==> sysctl tuning cho MySQL/cluster
    node1: sysctl: setting key "net.ipv4.conf.all.accept_source_route": Invalid argument
    node1: sysctl: setting key "net.ipv4.conf.all.promote_secondaries": Invalid argument
    node1: [13:55:09] ==> ulimit / systemd limits cho mysql user
    node1: [13:55:10] ==> Xử lý SELinux / AppArmor (chuyển sang permissive cho lab)
    node1: Synchronizing state of apparmor.service with SysV service script with /lib/systemd/systemd-sysv-install.
    node1: Executing: /lib/systemd/systemd-sysv-install disable apparmor
    node1: [13:55:11] ==> Hoàn tất prepare-os trên node1
[20:55:10] ==> prepare-os trên node2
==> node2: Running provisioner: common-prep (shell)...
    node2: Running: inline script
    node2: [13:55:19] ==> Cập nhật /etc/hosts (idempotent — xoá block cũ trước khi append)
    node2: [13:55:19] ==> Tắt swap (khuyến nghị với MySQL)
    node2: [13:55:19] ==> Đồng bộ thời gian (chronyd / systemd-timesyncd)
    node2: Hit:1 http://repo.percona.com/prel/apt jammy InRelease
    node2: Hit:2 http://repo.percona.com/pxc-80/apt jammy InRelease
    node2: Hit:3 http://repo.percona.com/telemetry/apt jammy InRelease
    node2: Get:4 http://security.ubuntu.com/ubuntu jammy-security InRelease [129 kB]
    node2: Hit:5 http://us.archive.ubuntu.com/ubuntu jammy InRelease
    node2: Get:6 http://security.ubuntu.com/ubuntu jammy-security/main amd64 Packages [3,242 kB]
    node2: Get:7 http://us.archive.ubuntu.com/ubuntu jammy-updates InRelease [128 kB]
    node2: Get:8 http://security.ubuntu.com/ubuntu jammy-security/main Translation-en [455 kB]
    node2: Get:9 http://security.ubuntu.com/ubuntu jammy-security/restricted amd64 Packages [5,758 kB]
    node2: Get:10 http://security.ubuntu.com/ubuntu jammy-security/restricted Translation-en [1,099 kB]
    node2: Get:11 http://security.ubuntu.com/ubuntu jammy-security/universe amd64 Packages [1,031 kB]
    node2: Get:12 http://security.ubuntu.com/ubuntu jammy-security/universe Translation-en [227 kB]
    node2: Hit:13 http://us.archive.ubuntu.com/ubuntu jammy-backports InRelease
    node2: Get:14 http://us.archive.ubuntu.com/ubuntu jammy-updates/restricted amd64 Packages [5,993 kB]
    node2: Get:15 http://us.archive.ubuntu.com/ubuntu jammy-updates/restricted Translation-en [1,140 kB]
    node2: Get:16 http://us.archive.ubuntu.com/ubuntu jammy-updates/multiverse amd64 Packages [71.6 kB]
    node2: Get:17 http://us.archive.ubuntu.com/ubuntu jammy-updates/multiverse Translation-en [15.5 kB]
    node2: Fetched 19.3 MB in 5s (3,643 kB/s)
    node2: Reading package lists...
    node2: Reading package lists...
    node2: Building dependency tree...
    node2: Reading state information...
    node2: chrony is already the newest version (4.2-2ubuntu2).
    node2: 0 upgraded, 0 newly installed, 0 to remove and 119 not upgraded.
    node2: Synchronizing state of chrony.service with SysV service script with /lib/systemd/systemd-sysv-install.
    node2: Executing: /lib/systemd/systemd-sysv-install enable chrony
    node2: [13:55:28] ==> sysctl tuning cho MySQL/cluster
    node2: sysctl: setting key "net.ipv4.conf.all.accept_source_route": Invalid argument
    node2: sysctl: setting key "net.ipv4.conf.all.promote_secondaries": Invalid argument
    node2: [13:55:28] ==> ulimit / systemd limits cho mysql user
    node2: [13:55:28] ==> Xử lý SELinux / AppArmor (chuyển sang permissive cho lab)
    node2: Synchronizing state of apparmor.service with SysV service script with /lib/systemd/systemd-sysv-install.
    node2: Executing: /lib/systemd/systemd-sysv-install disable apparmor
    node2: [13:55:29] ==> Hoàn tất prepare-os trên node2
[20:55:28] ==> prepare-os trên node3
==> node3: Running provisioner: common-prep (shell)...
    node3: Running: inline script
    node3: [13:55:37] ==> Cập nhật /etc/hosts (idempotent — xoá block cũ trước khi append)
    node3: [13:55:37] ==> Tắt swap (khuyến nghị với MySQL)
    node3: [13:55:37] ==> Đồng bộ thời gian (chronyd / systemd-timesyncd)
    node3: Hit:1 http://repo.percona.com/prel/apt jammy InRelease
    node3: Hit:2 http://repo.percona.com/pxc-80/apt jammy InRelease
    node3: Hit:3 http://repo.percona.com/telemetry/apt jammy InRelease
    node3: Get:4 http://security.ubuntu.com/ubuntu jammy-security InRelease [129 kB]
    node3: Hit:5 http://us.archive.ubuntu.com/ubuntu jammy InRelease
    node3: Get:6 http://us.archive.ubuntu.com/ubuntu jammy-updates InRelease [128 kB]
    node3: Get:7 http://security.ubuntu.com/ubuntu jammy-security/main amd64 Packages [3,242 kB]
    node3: Get:8 http://security.ubuntu.com/ubuntu jammy-security/main Translation-en [455 kB]
    node3: Get:9 http://security.ubuntu.com/ubuntu jammy-security/restricted amd64 Packages [5,758 kB]
    node3: Get:10 http://security.ubuntu.com/ubuntu jammy-security/restricted Translation-en [1,099 kB]
    node3: Get:11 http://security.ubuntu.com/ubuntu jammy-security/universe amd64 Packages [1,031 kB]
    node3: Get:12 http://security.ubuntu.com/ubuntu jammy-security/universe Translation-en [227 kB]
    node3: Hit:13 http://us.archive.ubuntu.com/ubuntu jammy-backports InRelease
    node3: Get:14 http://us.archive.ubuntu.com/ubuntu jammy-updates/restricted amd64 Packages [5,993 kB]
    node3: Get:15 http://us.archive.ubuntu.com/ubuntu jammy-updates/restricted Translation-en [1,140 kB]
    node3: Get:16 http://us.archive.ubuntu.com/ubuntu jammy-updates/multiverse amd64 Packages [71.6 kB]
    node3: Get:17 http://us.archive.ubuntu.com/ubuntu jammy-updates/multiverse Translation-en [15.5 kB]
    node3: Fetched 19.3 MB in 5s (3,512 kB/s)
    node3: Reading package lists...
    node3: Reading package lists...
    node3: Building dependency tree...
    node3: Reading state information...
    node3: chrony is already the newest version (4.2-2ubuntu2).
    node3: 0 upgraded, 0 newly installed, 0 to remove and 119 not upgraded.
    node3: Synchronizing state of chrony.service with SysV service script with /lib/systemd/systemd-sysv-install.
    node3: Executing: /lib/systemd/systemd-sysv-install enable chrony
    node3: [13:55:47] ==> sysctl tuning cho MySQL/cluster
    node3: sysctl: setting key "net.ipv4.conf.all.accept_source_route": Invalid argument
    node3: sysctl: setting key "net.ipv4.conf.all.promote_secondaries": Invalid argument
    node3: [13:55:47] ==> ulimit / systemd limits cho mysql user
    node3: [13:55:47] ==> Xử lý SELinux / AppArmor (chuyển sang permissive cho lab)
    node3: Synchronizing state of apparmor.service with SysV service script with /lib/systemd/systemd-sysv-install.
    node3: Executing: /lib/systemd/systemd-sysv-install disable apparmor
    node3: [13:55:48] ==> Hoàn tất prepare-os trên node3
[20:55:47] ==> prepare-os trên mgmt
==> mgmt: Running provisioner: common-prep (shell)...
    mgmt: Running: inline script
    mgmt: [13:55:56] ==> Cập nhật /etc/hosts (idempotent — xoá block cũ trước khi append)
    mgmt: [13:55:56] ==> Tắt swap (khuyến nghị với MySQL)
    mgmt: [13:55:56] ==> Đồng bộ thời gian (chronyd / systemd-timesyncd)
    mgmt: Get:1 http://security.ubuntu.com/ubuntu jammy-security InRelease [129 kB]
    mgmt: Hit:2 http://us.archive.ubuntu.com/ubuntu jammy InRelease
    mgmt: Hit:3 https://repo.proxysql.com/ProxySQL/proxysql-2.6.x/jammy ./ InRelease
    mgmt: Get:4 http://us.archive.ubuntu.com/ubuntu jammy-updates InRelease [128 kB]
    mgmt: Get:5 http://security.ubuntu.com/ubuntu jammy-security/main amd64 Packages [3,242 kB]
    mgmt: Get:6 http://security.ubuntu.com/ubuntu jammy-security/main Translation-en [455 kB]
    mgmt: Get:7 http://security.ubuntu.com/ubuntu jammy-security/restricted amd64 Packages [5,758 kB]
    mgmt: Get:8 http://security.ubuntu.com/ubuntu jammy-security/restricted Translation-en [1,099 kB]
    mgmt: Hit:9 http://us.archive.ubuntu.com/ubuntu jammy-backports InRelease
    mgmt: Get:10 http://security.ubuntu.com/ubuntu jammy-security/universe amd64 Packages [1,031 kB]
    mgmt: Get:11 http://security.ubuntu.com/ubuntu jammy-security/universe Translation-en [227 kB]
    mgmt: Get:12 http://us.archive.ubuntu.com/ubuntu jammy-updates/restricted amd64 Packages [5,993 kB]
    mgmt: Get:13 http://us.archive.ubuntu.com/ubuntu jammy-updates/restricted Translation-en [1,140 kB]
    mgmt: Get:14 http://us.archive.ubuntu.com/ubuntu jammy-updates/multiverse amd64 Packages [71.6 kB]
    mgmt: Get:15 http://us.archive.ubuntu.com/ubuntu jammy-updates/multiverse Translation-en [15.5 kB]
    mgmt: Fetched 19.3 MB in 6s (3,214 kB/s)
    mgmt: Reading package lists...
    mgmt: W: https://repo.proxysql.com/ProxySQL/proxysql-2.6.x/jammy/./InRelease: Key is stored in legacy trusted.gpg keyring (/etc/apt/trusted.gpg), see the DEPRECATION section in apt-key(8) for details.
    mgmt: Reading package lists...
    mgmt: Building dependency tree...
    mgmt: Reading state information...
    mgmt: chrony is already the newest version (4.2-2ubuntu2).
    mgmt: 0 upgraded, 0 newly installed, 0 to remove and 122 not upgraded.
    mgmt: Synchronizing state of chrony.service with SysV service script with /lib/systemd/systemd-sysv-install.
    mgmt: Executing: /lib/systemd/systemd-sysv-install enable chrony
    mgmt: [13:56:06] ==> sysctl tuning cho MySQL/cluster
    mgmt: sysctl: setting key "net.ipv4.conf.all.accept_source_route": Invalid argument
    mgmt: sysctl: setting key "net.ipv4.conf.all.promote_secondaries": Invalid argument
    mgmt: [13:56:06] ==> ulimit / systemd limits cho mysql user
    mgmt: [13:56:06] ==> Xử lý SELinux / AppArmor (chuyển sang permissive cho lab)
    mgmt: Synchronizing state of apparmor.service with SysV service script with /lib/systemd/systemd-sysv-install.
    mgmt: Executing: /lib/systemd/systemd-sysv-install disable apparmor
    mgmt: [13:56:07] ==> Hoàn tất prepare-os trên mgmt
[20:56:06] ==> Verify hosts file & swap & NTP trên mỗi node
[20:56:07]     --- node1 ---
/etc/hosts:
# --- mysql-ha cluster ---
192.168.10.11  node1
192.168.10.12  node2
192.168.10.13  node3
192.168.10.20  mgmt
# --- end mysql-ha cluster ---
# >>> mysql-ha cluster >>>
192.168.10.11  node1
192.168.10.12  node2
192.168.10.13  node3
192.168.10.20   mgmt
# <<< mysql-ha cluster <<<
swap:
NTP:
System clock synchronized: yes
              NTP service: active
sysctl:
vm.swappiness = 1
fs.file-max = 2097152
[20:56:14]     --- node2 ---
/etc/hosts:
# --- mysql-ha cluster ---
192.168.10.11  node1
192.168.10.12  node2
192.168.10.13  node3
192.168.10.20  mgmt
# --- end mysql-ha cluster ---
# >>> mysql-ha cluster >>>
192.168.10.11  node1
192.168.10.12  node2
192.168.10.13  node3
192.168.10.20   mgmt
# <<< mysql-ha cluster <<<
swap:
NTP:
System clock synchronized: yes
              NTP service: active
sysctl:
vm.swappiness = 1
fs.file-max = 2097152
[20:56:21]     --- node3 ---
/etc/hosts:
# --- mysql-ha cluster ---
192.168.10.11  node1
192.168.10.12  node2
192.168.10.13  node3
192.168.10.20  mgmt
# --- end mysql-ha cluster ---
# >>> mysql-ha cluster >>>
192.168.10.11  node1
192.168.10.12  node2
192.168.10.13  node3
192.168.10.20   mgmt
# <<< mysql-ha cluster <<<
swap:
NTP:
System clock synchronized: yes
              NTP service: active
sysctl:
vm.swappiness = 1
fs.file-max = 2097152
[20:56:28]     --- mgmt ---
/etc/hosts:
# --- mysql-ha cluster ---
192.168.10.11  node1
192.168.10.12  node2
192.168.10.13  node3
192.168.10.20  mgmt
# --- end mysql-ha cluster ---
# >>> mysql-ha cluster >>>
192.168.10.11  node1
192.168.10.12  node2
192.168.10.13  node3
192.168.10.20   mgmt
# <<< mysql-ha cluster <<<
swap:
NTP:
System clock synchronized: yes
              NTP service: active
sysctl:
vm.swappiness = 1
fs.file-max = 2097152
[20:56:35] ==> Bước 2 hoàn tất. Tiếp theo: bash demo/08-vagrant-lab/03-ssh-trust.sh
