[17:41:05] ==> [node2] systemctl start mysql → tự SST từ donor (có thể mất 1-3 phút)
[10:41:14] ==> Start mysql để join cluster (sẽ SST từ node sẵn có)
Job for mysql.service failed because the control process exited with error code.
See "systemctl status mysql.service" and "journalctl -xeu mysql.service" for details.
[17:44:48] ==> [node2] systemctl start mysql → tự SST từ donor (có thể mất 1-3 phút)
[10:44:57] ==> Start mysql để join cluster (sẽ SST từ node sẵn có)
[10:45:20]    wsrep_local_state_comment=Synced
mysql: [Warning] Using a password on the command line interface can be insecure.
wsrep_local_state_comment	Synced
wsrep_cluster_size	2
wsrep_connected	ON
wsrep_ready	ON
[10:45:20] ==> node2 đã join cluster.
[17:45:19] ==> [node3] systemctl start mysql → tự SST từ donor (có thể mất 1-3 phút)
[10:45:28] ==> Start mysql để join cluster (sẽ SST từ node sẵn có)
[10:45:51]    wsrep_local_state_comment=Synced
mysql: [Warning] Using a password on the command line interface can be insecure.
wsrep_local_state_comment	Synced
wsrep_cluster_size	3
wsrep_connected	ON
wsrep_ready	ON
[10:45:51] ==> node3 đã join cluster.
[17:45:50] ==> Đợi cluster ổn định 5s
[17:45:55] ==> wsrep status trên cả 3 nodes
[17:45:55] --- node1 ---
mysql: [Warning] Using a password on the command line interface can be insecure.
Variable_name	Value
wsrep_cluster_size	3
wsrep_cluster_status	Primary
wsrep_connected	ON
wsrep_local_state_comment	Synced
wsrep_ready	ON
[17:46:03] --- node2 ---
mysql: [Warning] Using a password on the command line interface can be insecure.
Variable_name	Value
wsrep_cluster_size	3
wsrep_cluster_status	Primary
wsrep_connected	ON
wsrep_local_state_comment	Synced
wsrep_ready	ON
[17:46:11] --- node3 ---
mysql: [Warning] Using a password on the command line interface can be insecure.
Variable_name	Value
wsrep_cluster_size	3
wsrep_cluster_status	Primary
wsrep_connected	ON
wsrep_local_state_comment	Synced
wsrep_ready	ON
[17:46:19] ==> Bước 5 hoàn tất. Tiếp theo: bash demo/06-galera/06-verify.sh
[14:19:06] ==> [node2] systemctl start mysql → tự SST từ donor (có thể mất 1-3 phút)
[07:19:19] ==> Start mysql để join cluster (sẽ SST từ node sẵn có)
[07:19:42]    wsrep_local_state_comment=Synced
mysql: [Warning] Using a password on the command line interface can be insecure.
wsrep_local_state_comment	Synced
wsrep_cluster_size	2
wsrep_connected	ON
wsrep_ready	ON
[07:19:42] ==> node2 đã join cluster.
[14:19:36] ==> [node3] systemctl start mysql → tự SST từ donor (có thể mất 1-3 phút)
[07:19:49] ==> Start mysql để join cluster (sẽ SST từ node sẵn có)
[07:20:12]    wsrep_local_state_comment=Synced
mysql: [Warning] Using a password on the command line interface can be insecure.
wsrep_local_state_comment	Synced
wsrep_cluster_size	3
wsrep_connected	ON
wsrep_ready	ON
[07:20:12] ==> node3 đã join cluster.
[14:20:05] ==> Promote node1 từ mysql@bootstrap.service → mysql.service (rejoin existing cluster)
   node1 state=Synced
[14:20:27] ==> Đợi cluster ổn định 5s
[14:20:32] ==> wsrep status trên cả 3 nodes
[14:20:32] --- node1 ---
mysql: [Warning] Using a password on the command line interface can be insecure.
Variable_name	Value
wsrep_cluster_size	3
wsrep_cluster_status	Primary
wsrep_connected	ON
wsrep_local_state_comment	Synced
wsrep_ready	ON
[14:20:38] --- node2 ---
mysql: [Warning] Using a password on the command line interface can be insecure.
Variable_name	Value
wsrep_cluster_size	3
wsrep_cluster_status	Primary
wsrep_connected	ON
wsrep_local_state_comment	Synced
wsrep_ready	ON
[14:20:44] --- node3 ---
mysql: [Warning] Using a password on the command line interface can be insecure.
Variable_name	Value
wsrep_cluster_size	3
wsrep_cluster_status	Primary
wsrep_connected	ON
wsrep_local_state_comment	Synced
wsrep_ready	ON
[14:20:51] ==> Bước 5 hoàn tất. Tiếp theo: bash demo/06-galera/06-verify.sh
[14:45:43] ==> [node2] systemctl start mysql → tự SST từ donor (có thể mất 1-3 phút)
[07:45:55] ==> Start mysql để join cluster (sẽ SST từ node sẵn có)
[07:46:18]    wsrep_local_state_comment=Synced
mysql: [Warning] Using a password on the command line interface can be insecure.
wsrep_local_state_comment	Synced
wsrep_cluster_size	2
wsrep_connected	ON
wsrep_ready	ON
[07:46:18] ==> node2 đã join cluster.
[14:46:11] ==> [node3] systemctl start mysql → tự SST từ donor (có thể mất 1-3 phút)
[07:46:23] ==> Start mysql để join cluster (sẽ SST từ node sẵn có)
[07:46:47]    wsrep_local_state_comment=Synced
mysql: [Warning] Using a password on the command line interface can be insecure.
wsrep_local_state_comment	Synced
wsrep_cluster_size	3
wsrep_connected	ON
wsrep_ready	ON
[07:46:47] ==> node3 đã join cluster.
[14:46:40] ==> Promote node1 từ mysql@bootstrap.service → mysql.service (rejoin existing cluster)
   node1 state=Synced
[14:47:03] ==> Đợi cluster ổn định 5s
[14:47:08] ==> wsrep status trên cả 3 nodes
[14:47:08] --- node1 ---
mysql: [Warning] Using a password on the command line interface can be insecure.
+---------------------------+---------+
| Variable_name             | Value   |
+---------------------------+---------+
| wsrep_cluster_size        | 3       |
| wsrep_cluster_status      | Primary |
| wsrep_connected           | ON      |
| wsrep_local_state_comment | Synced  |
| wsrep_ready               | ON      |
+---------------------------+---------+
[14:47:12] --- node2 ---
mysql: [Warning] Using a password on the command line interface can be insecure.
+---------------------------+---------+
| Variable_name             | Value   |
+---------------------------+---------+
| wsrep_cluster_size        | 3       |
| wsrep_cluster_status      | Primary |
| wsrep_connected           | ON      |
| wsrep_local_state_comment | Synced  |
| wsrep_ready               | ON      |
+---------------------------+---------+
[14:47:18] --- node3 ---
mysql: [Warning] Using a password on the command line interface can be insecure.
+---------------------------+---------+
| Variable_name             | Value   |
+---------------------------+---------+
| wsrep_cluster_size        | 3       |
| wsrep_cluster_status      | Primary |
| wsrep_connected           | ON      |
| wsrep_local_state_comment | Synced  |
| wsrep_ready               | ON      |
+---------------------------+---------+
[14:47:24] ==> Bước 5 hoàn tất. Tiếp theo: bash demo/06-galera/06-verify.sh
