[21:57:14] ================ VERIFY GROUP REPLICATION ================
[21:57:14] --- node1 ---
[ OK ] [node1] mysql service active
[ OK ] [node1] port 3306 listening
[ OK ] [node1] port 33061 (GR) listening
[ OK ] [node1] gtid=ON enforce_gtid=ON binlog=ROW (ON	ON	ROW)
[ OK ] [node1] group_replication plugin ACTIVE
[21:57:36] --- node2 ---
[ OK ] [node2] mysql service active
[ OK ] [node2] port 3306 listening
[ OK ] [node2] port 33061 (GR) listening
[ OK ] [node2] gtid=ON enforce_gtid=ON binlog=ROW (ON	ON	ROW)
[ OK ] [node2] group_replication plugin ACTIVE
[21:57:56] --- node3 ---
[ OK ] [node3] mysql service active
[ OK ] [node3] port 3306 listening
[ OK ] [node3] port 33061 (GR) listening
[ OK ] [node3] gtid=ON enforce_gtid=ON binlog=ROW (ON	ON	ROW)
[ OK ] [node3] group_replication plugin ACTIVE
[21:58:17] --- replication_group_members ---
+---------------+--------------+-------------+
| MEMBER_HOST   | MEMBER_STATE | MEMBER_ROLE |
+---------------+--------------+-------------+
| 192.168.10.11 | ONLINE       | PRIMARY     |
| 192.168.10.12 | ONLINE       | SECONDARY   |
| 192.168.10.13 | ONLINE       | SECONDARY   |
+---------------+--------------+-------------+
[ OK ] 3 members ONLINE
[ OK ] exactly 1 PRIMARY
[21:58:33]     current PRIMARY = 192.168.10.11
[21:58:33]     PRIMARY vagrant name = node1
[ OK ] [node1] super_read_only=0 (PRIMARY)
[ OK ] [node2] super_read_only=1 (SECONDARY)
[ OK ] [node3] super_read_only=1 (SECONDARY)
[21:58:57]     node1 gtid_executed: aaaaaaaa-aaaa-aaaa-aaaa-aaaaaaaaaaaa:1-3
[21:58:57]     node2 gtid_executed: aaaaaaaa-aaaa-aaaa-aaaa-aaaaaaaaaaaa:1-3
[21:58:57]     node3 gtid_executed: aaaaaaaa-aaaa-aaaa-aaaa-aaaaaaaaaaaa:1-3
[ OK ] gtid_executed đồng bộ trên 3 node
[21:58:57] ==================== KẾT QUẢ ====================
[21:58:57] VERIFY_PASS=true — cluster sẵn sàng cho smoke test.
VERIFY_PASS=true
