[11:32:47] ================ VERIFY ASYNC / SEMI-SYNC CLUSTER ================
[11:32:47] --- node1 ---
[ OK ] [node1] mysql service active
[ OK ] [node1] port 3306 listening
[ OK ] [node1] gtid+binlog baseline OK (ON	1	ROW)
[11:33:00] --- node2 ---
[ OK ] [node2] mysql service active
[ OK ] [node2] port 3306 listening
[ OK ] [node2] gtid+binlog baseline OK (ON	1	ROW)
[11:33:11] --- node3 ---
[ OK ] [node3] mysql service active
[ OK ] [node3] port 3306 listening
[ OK ] [node3] gtid+binlog baseline OK (ON	1	ROW)
[11:33:23] --- plugin semi-sync trên 3 node ---
[ OK ] [node1] rpl_semi_sync_source = ACTIVE
[ OK ] [node2] rpl_semi_sync_replica = ACTIVE
[ OK ] [node3] rpl_semi_sync_replica = ACTIVE
[11:33:35] --- master status & clients ---
[ OK ] [node1] Rpl_semi_sync_source_status = ON
[ OK ] [node1] Rpl_semi_sync_source_clients = 2
[11:33:43] --- node2 replica state ---
[ OK ] [node2] IO thread ON
[ OK ] [node2] SQL thread ON
[ OK ] [node2] lag=0s
[ OK ] [node2] no IO error
[ OK ] [node2] no SQL error
[ OK ] [node2] super_read_only=1
[ OK ] [node2] Rpl_semi_sync_replica_status=ON
[11:34:11] --- node3 replica state ---
[ OK ] [node3] IO thread ON
[ OK ] [node3] SQL thread ON
[ OK ] [node3] lag=0s
[ OK ] [node3] no IO error
[ OK ] [node3] no SQL error
[ OK ] [node3] super_read_only=1
[ OK ] [node3] Rpl_semi_sync_replica_status=ON
[11:34:39] ==================== KẾT QUẢ ====================
[11:34:39] VERIFY_PASS=true — cluster sẵn sàng cho smoke test.
VERIFY_PASS=true
