[09:31:01] ==> Bootstrap Group Replication trên node1 (chỉ chạy 1 lần)
[02:31:08] ==> Ghi config Group Replication
[02:31:15] ==> Tạo replication user (caching_sha2 yêu cầu RSA hoặc SSL)
mysql: [Warning] Using a password on the command line interface can be insecure.
[02:31:15] ==> Bootstrap group lần đầu (CHỈ chạy trên node đầu tiên)
mysql: [Warning] Using a password on the command line interface can be insecure.
mysql: [Warning] Using a password on the command line interface can be insecure.
CHANNEL_NAME	MEMBER_ID	MEMBER_HOST	MEMBER_PORT	MEMBER_STATE	MEMBER_ROLE	MEMBER_VERSION	MEMBER_COMMUNICATION_STACK
group_replication_applier	69300ec1-532a-11f1-b389-08002716ddef	192.168.10.11	3306	ONLINE	PRIMARY	8.0.46	XCom
[02:31:16] ==> Primary đã bootstrap. Tiếp theo: chạy secondary-setup.sh trên node2 & node3.
[09:31:15] ==> Đợi 5s cho GR coordinator ổn định
[09:31:20] ==> Verify node1 đã là PRIMARY và ở trạng thái ONLINE
mysql: [Warning] Using a password on the command line interface can be insecure.
MEMBER_ID	MEMBER_HOST	MEMBER_PORT	MEMBER_STATE	MEMBER_ROLE
69300ec1-532a-11f1-b389-08002716ddef	192.168.10.11	3306	ONLINE	PRIMARY
[09:31:26] ==> Bước 4 hoàn tất. Tiếp theo: bash demo/03-group-replication/05-secondary-setup.sh
[09:35:10] ==> Bootstrap Group Replication trên node1 (chỉ chạy 1 lần)
[02:35:16] ==> Ghi config Group Replication
[02:35:25] ==> Tạo replication user (caching_sha2 yêu cầu RSA hoặc SSL)
mysql: [Warning] Using a password on the command line interface can be insecure.
[02:35:25] ==> Bootstrap group lần đầu (CHỈ chạy trên node đầu tiên)
mysql: [Warning] Using a password on the command line interface can be insecure.
mysql: [Warning] Using a password on the command line interface can be insecure.
CHANNEL_NAME	MEMBER_ID	MEMBER_HOST	MEMBER_PORT	MEMBER_STATE	MEMBER_ROLE	MEMBER_VERSION	MEMBER_COMMUNICATION_STACK
group_replication_applier	69300ec1-532a-11f1-b389-08002716ddef	192.168.10.11	3306	ONLINE	PRIMARY	8.0.46	XCom
[02:35:26] ==> Primary đã bootstrap. Tiếp theo: chạy secondary-setup.sh trên node2 & node3.
[09:35:26] ==> Đợi 5s cho GR coordinator ổn định
[09:35:31] ==> Verify node1 đã là PRIMARY và ở trạng thái ONLINE
mysql: [Warning] Using a password on the command line interface can be insecure.
MEMBER_ID	MEMBER_HOST	MEMBER_PORT	MEMBER_STATE	MEMBER_ROLE
69300ec1-532a-11f1-b389-08002716ddef	192.168.10.11	3306	ONLINE	PRIMARY
[09:35:36] ==> Bước 4 hoàn tất. Tiếp theo: bash demo/03-group-replication/05-secondary-setup.sh
[09:45:21] ==> Bootstrap Group Replication trên node1 (chỉ chạy 1 lần)
[02:45:27] ==> Ghi config Group Replication
[02:45:36] ==> Tạo replication user (caching_sha2 yêu cầu RSA hoặc SSL)
mysql: [Warning] Using a password on the command line interface can be insecure.
[02:45:36] ==> Bootstrap group lần đầu (CHỈ chạy trên node đầu tiên)
mysql: [Warning] Using a password on the command line interface can be insecure.
mysql: [Warning] Using a password on the command line interface can be insecure.
CHANNEL_NAME	MEMBER_ID	MEMBER_HOST	MEMBER_PORT	MEMBER_STATE	MEMBER_ROLE	MEMBER_VERSION	MEMBER_COMMUNICATION_STACK
group_replication_applier	69300ec1-532a-11f1-b389-08002716ddef	192.168.10.11	3306	ONLINE	PRIMARY	8.0.46	XCom
[02:45:37] ==> Primary đã bootstrap. Tiếp theo: chạy secondary-setup.sh trên node2 & node3.
[09:45:36] ==> Đợi 5s cho GR coordinator ổn định
[09:45:41] ==> Verify node1 đã là PRIMARY và ở trạng thái ONLINE
mysql: [Warning] Using a password on the command line interface can be insecure.
MEMBER_ID	MEMBER_HOST	MEMBER_PORT	MEMBER_STATE	MEMBER_ROLE
69300ec1-532a-11f1-b389-08002716ddef	192.168.10.11	3306	ONLINE	PRIMARY
[09:45:47] ==> Bước 4 hoàn tất. Tiếp theo: bash demo/03-group-replication/05-secondary-setup.sh
[21:56:08] ==> Bootstrap Group Replication trên node1 (chỉ chạy 1 lần)
[14:56:16] ==> Ghi config Group Replication
[14:56:22] ==> Tạo replication user (caching_sha2 yêu cầu RSA hoặc SSL)
mysql: [Warning] Using a password on the command line interface can be insecure.
[14:56:22] ==> Bootstrap group lần đầu (CHỈ chạy trên node đầu tiên)
mysql: [Warning] Using a password on the command line interface can be insecure.
mysql: [Warning] Using a password on the command line interface can be insecure.
+---------------------------+--------------------------------------+---------------+-------------+--------------+-------------+----------------+----------------------------+
| CHANNEL_NAME              | MEMBER_ID                            | MEMBER_HOST   | MEMBER_PORT | MEMBER_STATE | MEMBER_ROLE | MEMBER_VERSION | MEMBER_COMMUNICATION_STACK |
+---------------------------+--------------------------------------+---------------+-------------+--------------+-------------+----------------+----------------------------+
| group_replication_applier | bcd081ee-545b-11f1-a81c-08002716ddef | 192.168.10.11 |        3306 | ONLINE       | PRIMARY     | 8.0.46         | XCom                       |
+---------------------------+--------------------------------------+---------------+-------------+--------------+-------------+----------------+----------------------------+
[14:56:23] ==> Primary đã bootstrap. Tiếp theo: chạy secondary-setup.sh trên node2 & node3.
[21:56:19] ==> Đợi 5s cho GR coordinator ổn định
[21:56:25] ==> Verify node1 đã là PRIMARY và ở trạng thái ONLINE
mysql: [Warning] Using a password on the command line interface can be insecure.
+--------------------------------------+---------------+-------------+--------------+-------------+
| MEMBER_ID                            | MEMBER_HOST   | MEMBER_PORT | MEMBER_STATE | MEMBER_ROLE |
+--------------------------------------+---------------+-------------+--------------+-------------+
| bcd081ee-545b-11f1-a81c-08002716ddef | 192.168.10.11 |        3306 | ONLINE       | PRIMARY     |
+--------------------------------------+---------------+-------------+--------------+-------------+
[21:56:29] ==> Bước 4 hoàn tất. Tiếp theo: bash demo/03-group-replication/05-secondary-setup.sh
