[11:35:34] ================ PRECHECK DEMO 01 (Async/Semi-sync) ================
[ OK ] [node1] running
[ OK ] [node2] running
[ OK ] [node3] running
[ OK ] [mgmt] running
[ OK ] [node1] mysql active
[ OK ] [node2] mysql active
[ OK ] [node3] mysql active
[ OK ] [node1] semi-sync source ON
[ OK ] [node1] 2 semi-sync clients connected
[ OK ] [node2] Replica_IO_Running=Yes
[ OK ] [node2] Replica_SQL_Running=Yes
[ OK ] [node3] Replica_IO_Running=Yes
[ OK ] [node3] Replica_SQL_Running=Yes
[11:36:21]     [node2] relay_log_purge=1 → auto-fix: SET PERSIST relay_log_purge=0
[ OK ] [node2] relay_log_purge=0 (auto-fixed, persisted)
[11:36:33]     [node3] relay_log_purge=1 → auto-fix: SET PERSIST relay_log_purge=0
[ OK ] [node3] relay_log_purge=0 (auto-fixed, persisted)
[11:36:41] ================ KẾT QUẢ ================
[11:36:41] PRECHECK_PASS=true — sẵn sàng cài MHA.
PRECHECK_PASS=true
