[14:07:28] ==> [mgmt] Bật root login + sinh SSH key (nếu chưa có)
Generating public/private rsa key pair.
Your identification has been saved in /root/.ssh/id_rsa
Your public key has been saved in /root/.ssh/id_rsa.pub
The key fingerprint is:
SHA256:McAPt5vvqIbuCkjTSCmVtW9Rw0+SfjbhLzMSxflUMnU root@mgmt
The key's randomart image is:
+---[RSA 4096]----+
|  .o....oo .ooo E|
| .o  .oo=.* .o . |
|.o  . .=oB +     |
|o o  . .=o* .    |
| + .  o S* o     |
|o .  .  + + .    |
|o    .   o +     |
| .  . .  ..      |
|  .+o......      |
+----[SHA256]-----+
ssh-rsa AAAAB3NzaC1yc2EAAAADAQABAAACAQDUtt64kzvBNHiNTfxarV4tlYblKnl21gvcOWyc4bips+RGBdBnm5xqPFtwCAgYum5G/M32l4blD9uVBsuZZcnoJ+UNIbSygTWEJtIE8yTxJftoSG1+GzQ9/ITEvJq2VemQtVPmGZrbyUDD5lS8WA0gGfX6A6ahuGH3kVxc+x1TzKD9hL7J21PmkoPQQonas73Gfo69oCfEY68iPRWgRyxM8eTem39uFL0yBRhoD248S0nGJFcKYBPOylnCRI7ia9HYfe0gQNUIADrZ12wD4RTByZPKtxsvJWRaUP2AIoyAW7ocDlIFKV0pOgTtA7h0DHJr2ZHUDkJetUTati+IbXqeAa5lhhlbO1AkxqZug1t54hBfW2mzR4Bg7hSeAUT4wBmDKexSi8n4LlWhj+kgWyeeYC5++ZOTh6/hJedHSHmJHLnR4yArOae9usI/OBkWhnom3ibouK1wMs6zqcHEP1GWRNdpv1Se6D1eega2E1CQj65vCzwqJlfs1CApgoBKbokHpsHHxkb3fTvHdi1JErkSZqdz6NDH3LXHB8G2crE9LqF6gHZxvr3zGvGJ+LBXl2unrtzN4VKN7a6jv4tHqIFHhVNbHdkVveW/fa9V70B7bxZl/xK81gCNOJxpn55BHoNiNlWJyvdv6LLn3JlZu2RRxMP+CPYNSH6cZyS11byhvw== root@mgmt
[14:07:41] ==> Pubkey mgmt (head): ssh-rsa AAAAB3NzaC1yc2EAAAADAQABAAACAQDUtt64kzvBNHiNTfxarV4t...
[14:07:41] ==> Copy pubkey mgmt vào /root/.ssh/authorized_keys trên 3 DB nodes
[14:07:58] ==> [mgmt] Tạo ~/.ssh/config cho root để bỏ strict host check
[14:08:03] ==> Test SSH passwordless từ root@mgmt
[14:08:09]     mgmt -> 192.168.10.11: node1 root 
[14:08:14]     mgmt -> 192.168.10.12: node2 root 
[14:08:20]     mgmt -> 192.168.10.13: node3 root 
[14:08:20] ==> Bước 2 hoàn tất. Tiếp theo: bash demo/04-mha/03-mha-node-install.sh
[14:13:20] ==> [mgmt] Bật root login + sinh SSH key (nếu chưa có)
ssh-rsa AAAAB3NzaC1yc2EAAAADAQABAAACAQDUtt64kzvBNHiNTfxarV4tlYblKnl21gvcOWyc4bips+RGBdBnm5xqPFtwCAgYum5G/M32l4blD9uVBsuZZcnoJ+UNIbSygTWEJtIE8yTxJftoSG1+GzQ9/ITEvJq2VemQtVPmGZrbyUDD5lS8WA0gGfX6A6ahuGH3kVxc+x1TzKD9hL7J21PmkoPQQonas73Gfo69oCfEY68iPRWgRyxM8eTem39uFL0yBRhoD248S0nGJFcKYBPOylnCRI7ia9HYfe0gQNUIADrZ12wD4RTByZPKtxsvJWRaUP2AIoyAW7ocDlIFKV0pOgTtA7h0DHJr2ZHUDkJetUTati+IbXqeAa5lhhlbO1AkxqZug1t54hBfW2mzR4Bg7hSeAUT4wBmDKexSi8n4LlWhj+kgWyeeYC5++ZOTh6/hJedHSHmJHLnR4yArOae9usI/OBkWhnom3ibouK1wMs6zqcHEP1GWRNdpv1Se6D1eega2E1CQj65vCzwqJlfs1CApgoBKbokHpsHHxkb3fTvHdi1JErkSZqdz6NDH3LXHB8G2crE9LqF6gHZxvr3zGvGJ+LBXl2unrtzN4VKN7a6jv4tHqIFHhVNbHdkVveW/fa9V70B7bxZl/xK81gCNOJxpn55BHoNiNlWJyvdv6LLn3JlZu2RRxMP+CPYNSH6cZyS11byhvw== root@mgmt
[14:13:31] ==> Pubkey mgmt (head): ssh-rsa AAAAB3NzaC1yc2EAAAADAQABAAACAQDUtt64kzvBNHiNTfxarV4t...
[14:13:31] ==> Copy pubkey mgmt vào /root/.ssh/authorized_keys trên 3 DB nodes
[14:13:47] ==> [mgmt] Tạo ~/.ssh/config cho root để bỏ strict host check
[14:13:53] ==> Test SSH passwordless từ root@mgmt
[14:13:59]     mgmt -> 192.168.10.11: node1 root 
[14:14:04]     mgmt -> 192.168.10.12: node2 root 
[14:14:10]     mgmt -> 192.168.10.13: node3 root 
[14:14:10] ==> [mesh] sinh SSH key root cho từng DB node + thu thập pubkey
ssh-rsa AAAAB3NzaC1yc2EAAAADAQABAAACAQDZjJhAqADkuoczAkCtFkQHY41+zfpS+ULRh/VBMRJg1B4VWYP1dxVkizd1qgcUkAXTgwNDnLAWmQDILZWRCJuAaf3cHmu7TgSeShQqYXgMlaQwiq73kGxfxk6ZagJykWIgUtkjbV0F81p013AQa2gn/OrMz9uManEcTy3JfomiAUfwelm5WCD8he2qOKoZhNdNE8xYZaSNmDnBF3LRlLgrmgd5u6qjiGJD3vWG1vKMGbfuaWeZdC3kH2fJWIpmeIf/M1fNnnYmHhR5sPjEp2+UFwpfxJYjKltQ6Bl4ngYUgWi6xU171kdgSsnxxcUFtsNss+KcmfNdnKsa6E+ABoxyPVNcVEQ8i/sN+XiMQOw/KTcCTh3/oC92KmjvEFwyGGrV+7HRpQobNoXAyf+s+NmZHZusOC62uIyPFlOtIAhLvYVrrGlGLmEAP+ITO6TXsZnBldka4xOL5eH0vhwPDhXCTHRdppNSyJNY31gobI7c6tvtpknzstOt4EK+HP7Fw0pOCLBVSkDam1+GFwFTV+TG2jO3UTsKiLJ4M9HpvKCQT+kgJcYhAllGhftleJISUJhfpw8duB0qHpKTUvrz9EbBJaCaZNaxePLOkPpl4NqukeMtMQ4na3gAYa0PNsluxWh9XDFU72upXG2IErb0WC0bqQI3HGa1WdFeajarpnXZMw== root@node1
ssh-rsa AAAAB3NzaC1yc2EAAAADAQABAAACAQCrICokBo8liknzNwNl501LMZsBnGpxpG2zsJMcux0MFz/N7jUGbC2Z7DLvyqHljJqn1Bgim1do90FdkhDtRBUuR+a+viwPRdlOamIkeUStrJ2luqm8Z4p1Uy1ZTrnJCR+ywhRhGJDixLbxbrzAOVGvjKAdavOfVCLcu05jc51fB8NQq9mAB+XE2AMmoNK15Zve/2b1VZOyHnozwVznd6CJAIGeBdOG9CNO/yGWsa/UizfH6YtXqcb55Vmrkmj9e8lzTVfAYhaRdn6cb1JUdbs6N//a73ZSrEGAZEjF8XQvi7uPZxJ7oEV3LrK7HRqKTozPhWV7scmXkT02igPg6H4CweGPtldqquMPDnxwRPDIhSJaVHxfrsJ0hOO2fuVt/pzceHl5WQYH8WFzWc9bYWnibrqu9o7rhIMapvleqE/1eTNTmRbewTOu+14JRkCphoe3XhmW6sjx5Rervy3oiiJFPt5nIAXuAt+ACdoR+YGl0V4CkVX++ngr7kHP2fkwbZ7hepTr7BKw3SnsFvPv6dS4ncRYbxxIKhj9eKFzPNKUoH2hR1/KSSMcWugMUcSb/Ja2NXFUjpB94Rh7nIpDEmreVKb/75ywKKIveCL3axTzfc4s4FiWp4wgDML0hlf8bBcN7Fj5DxHO5V4KGtomkoKfx6wp/qBEKLNzVS+rMB2uyw== root@node2
ssh-rsa AAAAB3NzaC1yc2EAAAADAQABAAACAQDI1dB+egO/uhDRIeGm96TokQMamZi0fGrz8kd1zssJhWRnmXOz/0aIDGBD9Zxtzpn1IEfG0fOfPi6EnqoaDzKY3aRaT1sIJaE089naXfyG0EmUFY3rq6rZCX48LWwBRkRSnH+WeyAdoBHZB1nkXfOfr+sjAnZNZtN51t/TdkHJHvz7vgdCrm9leyrHhXz1izYQkiowP6WNdXhevVF5G3fj7XXAqqAG0K2dw+Xw2yh1IDH+lbWJuY76DpAY1Zvz8DyJJCyZat0ycyz9B/d/ijEHxpz3Iyl2lqpKdda3TtmnTJ2sj8xBQSxyNZ89aXcOY3UyD/ESZhSR11DVd9Lgl2nobPkWLBGXOhXf4J3+jHwpgwX8u5TZyog/0upRz1ebczho/OLe6jKObYjfQ5L1wBsbBpvL8eBfIegPaPfDe5Ivyoyzhg6jXjRNxibFmBvk2lKuU8LwAwacQXzhkK8LHeWMBBlsxYj8ne2B0cClzBXsusaI+UOdodaQJlYpPPmPnMB6qJ5Y0aQEjJGnHHw/oZMvOr0Y9uelXNMzz8gkGmTEwbAMBmTNkab/xI0td6hpJrChZOvSJBzDMxN+SPaifPFr74N4XJX9Muq91Jty81nvKNdYbjvH1K1Qk4eMdDvtP4bXAUgMt40FFzPeNbwFJeZyXMs8fNz0RNxyWBANcEE/bw== root@node3
[14:14:43] ==> [mesh] cài pubkey của 3 DB nodes vào authorized_keys của nhau
[14:15:15] ==> [mesh] Test SSH between DB nodes
[15:01:10] ==> [mgmt] Bật root login + sinh SSH key (nếu chưa có)
Generating public/private rsa key pair.
Your identification has been saved in /root/.ssh/id_rsa
Your public key has been saved in /root/.ssh/id_rsa.pub
The key fingerprint is:
SHA256:+RkK8f+6+Nehs02IQCcje2UgAqdQrl9bJF48jybJtkw root@mgmt
The key's randomart image is:
+---[RSA 4096]----+
|..o.o . .        |
| o o o . .       |
|  o . B + +      |
| . o = X B       |
|.   E * S .      |
| . = * o = + ..  |
|  . +   . = .o.. |
|         . .+o.  |
|        ..++oo.  |
+----[SHA256]-----+
ssh-rsa AAAAB3NzaC1yc2EAAAADAQABAAACAQCrmvuEutTs1G3Mu5SjSP3GVZZBugnZE/nVdbjzpteoTpqG+/x6w7ED8gHz9xvl7VYJ7CQYQtfP3wcJTflGnKouRp6OZsylhyVSNhi5wTP+1qKxdGw1VWmatZ6Z1t6kXM1EOb+ZJK6drHrlKPkKJADg+RQPEVOlu1IH/0FgSqqlOWFn0taCvQQzlg9Bm0/jenOx48aBd55j9Zum65XhInTjRNR8ixbMAveCrnbQMfsGS/vr18Hhpsd3NZl4JhoVepPnwUwE5kGn5qHbFef4lzgqqr6TukkgKZVzQ3D46gxX09pSzhAyXw+xhD4pURiW8T2M6qN8ycf6Jb6DHX01IDq89kBhkY7SH8IQ0ICj1owGAGHNtiPvHMa8Hxqt5fWhR2/95kAEIk7rY9eCBkoZtHiBwcH1NGBMeVyW/6zvTjvQv7AuF9HkaT2rsxUWW8MAVyj46I8hlUJZFa584YdsqWI6iT0BSwYTbHUmm8wHMekWBy8ZlE3fJhfEs1EmXPTAdwv2Aoh0X6eSEmG9oKQl92ERxaeA7qs1fUW43hZerYutI+y53q5HZmaZKaL0xP8Xo6bYYB9lty58vCH9qwQMfzFmniFUuxfoi78BWk0eRGnhqCfxOGZwc/LMFTk0qzURXcVQZ4HAqMieRa0Okr/TakZKrULT0Ofuj6Uax+SNgPxFcw== root@mgmt
[15:01:24] ==> Pubkey mgmt (head): ssh-rsa AAAAB3NzaC1yc2EAAAADAQABAAACAQCrmvuEutTs1G3Mu5SjSP3G...
[15:01:24] ==> Copy pubkey mgmt vào /root/.ssh/authorized_keys trên 3 DB nodes
[15:01:39] ==> [mgmt] Tạo ~/.ssh/config cho root để bỏ strict host check
[15:01:44] ==> Test SSH passwordless từ root@mgmt
[15:01:49]     mgmt -> 192.168.10.11: node1  root  
[15:01:54]     mgmt -> 192.168.10.12: node2  root  
[15:01:59]     mgmt -> 192.168.10.13: node3  root  
[15:01:59] ==> [mesh] sinh SSH key root cho từng DB node + thu thập pubkey
Generating public/private rsa key pair.
Your identification has been saved in /root/.ssh/id_rsa
Your public key has been saved in /root/.ssh/id_rsa.pub
The key fingerprint is:
SHA256:HpTPoyR4eUirs4KqXH6rebZjaIuIHqHocgl8Ubq4HNY root@node1
The key's randomart image is:
+---[RSA 4096]----+
|                 |
|     .   .       |
|    o . o        |
|   o o = o       |
|..o + * S +      |
|+=.E o = o .     |
|=++o+   o        |
|BoOo.O           |
|X*.*Oo+          |
+----[SHA256]-----+
ssh-rsa AAAAB3NzaC1yc2EAAAADAQABAAACAQDEtLQpE7skzTu7xOOBQG9abj2+Wah8ZONg+jFADL+Bak+juI8jmnLcw0ksd57n3acWHy26pz6+e9xEhwfROYt8wL3ff+Prp72MajOCp0PVjqWyk477pUW29hysHjZewOL9EzW0nuWYZY0NhVkMb1FraFUGOAPtWnZ2gRInbd492UrR7L03Jg3pjJZ1kdAYgdBN8yX3VfpnKY5Wdi11/UOhTFeulpMFMYtpQ6PzmuoNYMWiRaXKV9Y5yl9XNjBD8vGs31j3hWX2ZKZEpr8flvRNttYyJWI4kIjQktyplYEmPMsc6ZPqvc/dX6DHNAJuXbwJ21rDKek/2W08og/BpVOsVXXA0gYdOkvMKGK6QEL1nTCdF4beT8h9Ed6LzLMWs6hsfEhy6qETJAvy7Tb/+TuMR3ticFbVu7X5L3SwVOGoQbh/Cdg1KVAE/kM5mYhFhypEwXNJVmWDnXvvf0XIqljx9wX98ctgeEOyGE1My0OSN9OOIORUwV/y2yFp/rtXh1UJivs8K639i2fSK8+r/jaeDzypPoP9slrEH23Ov2XkD6mR4syMAznLzpr/TFr/+oKvEEW/i67ac1YmQ7Fb2zJ/DccHwa9tgJJZfrsBtpRzQMo1ukgxU/J2dLex0i3ZNGlNG6wfbn0am5jA/nH+5UJgCLznAZFa73S1RH/QEDSdwQ== root@node1
Generating public/private rsa key pair.
Your identification has been saved in /root/.ssh/id_rsa
Your public key has been saved in /root/.ssh/id_rsa.pub
The key fingerprint is:
SHA256:a9vmKyZF2iot62BMpHPoeDDQbx8ewvYcDpmTAsIjHeo root@node2
The key's randomart image is:
+---[RSA 4096]----+
|  .              |
|.+ .             |
|*o+              |
|==.o +  .        |
|*E+ % ++S        |
|oB + X.+o.       |
|..=  .*oo        |
| o .o +.oo.      |
|   .o+ o.++.     |
+----[SHA256]-----+
ssh-rsa AAAAB3NzaC1yc2EAAAADAQABAAACAQDiYg+j1GfEAyX7ik4UvcfjKQdiCYJ5+IYLQkU6o56t6qvM969UBEiheXIIwBsrlj5ithHnijzzJRPawB4eyVmpa7N7fqOez8fLcvvlR4prGjdsIGozrS9P7VBPpqZv338DOe7bvZxuZWydyifBzo9Z1kcaoEiX96SfSojTcyo9E9s5/elFg1+mgPJP9ZW1+br7uXpPrgMs+6TBvOdU3o4VWIkbQyw+b74Wj0LdNMpSBNwNL6ZIr7w80K95G/NLFMj9CJpOwqtUG9ajRh4sbIokFZA7urPmbWAQaUk5ksOdcYyadg7BlH/eZo9YJzJm3of4K3U+WTq3vx+zwNJTT55XoyQD+M3QPqjkRHztlxGtzWNIcmiJrstak3/rLI0N2oXPtmdiEVgWaz+U58Aliz4VOl7rYGekrqYkZHsXJdiKox+K15l3Sw5iTk+okDSekhcxJ+glIVSxVrNLnpCSOdignAJ76nCnytinTrp71QtHCpMSmUtQgmzuaNc63kqOFfn0Q/fTAvwPn6bsWuK+Aex7orHxswBRtp6r0jkpVEGO07zb6QyoTZu5ESQc5R1pZWGeo1Iwm04TUm4aEVXa22Cb1ZvbPxOVFwOBASyDER92iEN+nYGO4HcFHJNMGD4E9T7VHBqzVJQRcoPW5SL3esBAaMVa1QkK96Bzi/Ma9SR+Kw== root@node2
Generating public/private rsa key pair.
Your identification has been saved in /root/.ssh/id_rsa
Your public key has been saved in /root/.ssh/id_rsa.pub
The key fingerprint is:
SHA256:7xU0Ejz6y6qHxWM0fThO+c64FHvkBtT/TFuWMXkJhgc root@node3
The key's randomart image is:
+---[RSA 4096]----+
|         ..Eoo   |
|          o+... o|
|         oo+=  =.|
|        +.*o.o  =|
|       oS=o+o ..+|
|        =.o*.. =o|
|       + o+==  .o|
|      . .o++o    |
|      .o..o.     |
+----[SHA256]-----+
ssh-rsa AAAAB3NzaC1yc2EAAAADAQABAAACAQCsCMmYP6Jp249202Wt8XAtzvdUmKWzfMqMbqAF+/6W0qgcVRc9iX7IgyEpQOAsnCDdWX5zlro3J/hxMRP5Tpj8ZClIPbicFdT1rNF6btYWtY2RoR+ryUiO637KU1zcw9gwJqcRl9YheumZqS7LcqKBbSnWCpJ70t37LKVdGBtTEoiT8Eweh5VqVM5TH0bOp/6cjCHAeIFjR4OgNWKbDbhltTN/yDrkMF851YaEdjsY1kp/KlvhMJEQU/oKLtAg5oTeZhhD0s/F+ed8/1IPUWgZuYpLSLysNUCdSEg5l7ESD2f+JyqvX7YYoE0NwrP5OUvniHiPgN9UZ7TqXGmGbI3sqaDPIKaKR3JS09sXdvr5b3bIu58ZnfRwZ/BFOurluLx42qLg0ei+KM6HFNeUhmQNdNPRkwShiWcOCEc3m2w0012N6llKCaBfbyUOLCEtTFpp8ScUjPGw6Guz/GWSJVOtzsgrHG3UyEN5cEMVLXjE9pkQ/u6jvKQJCyR/nZvlZdEAsPztvZkFGHY5R7DOuLxChgxkdLolwrRWZdWjSntqV7dNt+S6ILEO+n7RHxmdpRSmiskU2JxKewAKrOrx5NRZZREfa9NfB/JyEug9jdvDGDhEMK/4qnLCKNjag89RHzeIgP4GQiOeUg3c/tp44bGk25BZWErnGcWEIMLnx3Lq8Q== root@node3
[15:02:41] ==> [mesh] cài pubkey của 3 DB nodes vào authorized_keys của nhau
[15:03:10] ==> [mesh] Test SSH between DB nodes
[15:15:44] ==> [mgmt] Bật root login + sinh SSH key (nếu chưa có)
ssh-rsa AAAAB3NzaC1yc2EAAAADAQABAAACAQCrmvuEutTs1G3Mu5SjSP3GVZZBugnZE/nVdbjzpteoTpqG+/x6w7ED8gHz9xvl7VYJ7CQYQtfP3wcJTflGnKouRp6OZsylhyVSNhi5wTP+1qKxdGw1VWmatZ6Z1t6kXM1EOb+ZJK6drHrlKPkKJADg+RQPEVOlu1IH/0FgSqqlOWFn0taCvQQzlg9Bm0/jenOx48aBd55j9Zum65XhInTjRNR8ixbMAveCrnbQMfsGS/vr18Hhpsd3NZl4JhoVepPnwUwE5kGn5qHbFef4lzgqqr6TukkgKZVzQ3D46gxX09pSzhAyXw+xhD4pURiW8T2M6qN8ycf6Jb6DHX01IDq89kBhkY7SH8IQ0ICj1owGAGHNtiPvHMa8Hxqt5fWhR2/95kAEIk7rY9eCBkoZtHiBwcH1NGBMeVyW/6zvTjvQv7AuF9HkaT2rsxUWW8MAVyj46I8hlUJZFa584YdsqWI6iT0BSwYTbHUmm8wHMekWBy8ZlE3fJhfEs1EmXPTAdwv2Aoh0X6eSEmG9oKQl92ERxaeA7qs1fUW43hZerYutI+y53q5HZmaZKaL0xP8Xo6bYYB9lty58vCH9qwQMfzFmniFUuxfoi78BWk0eRGnhqCfxOGZwc/LMFTk0qzURXcVQZ4HAqMieRa0Okr/TakZKrULT0Ofuj6Uax+SNgPxFcw== root@mgmt
[15:15:58] ==> Pubkey mgmt (head): ssh-rsa AAAAB3NzaC1yc2EAAAADAQABAAACAQCrmvuEutTs1G3Mu5SjSP3G...
[15:15:58] ==> Copy pubkey mgmt vào /root/.ssh/authorized_keys trên 3 DB nodes
[15:16:18] ==> [mgmt] Tạo ~/.ssh/config cho root để bỏ strict host check
[15:16:25] ==> Test SSH passwordless từ root@mgmt
[15:16:32]     mgmt -> 192.168.10.11: node1 root 
[15:16:38]     mgmt -> 192.168.10.12: node2 root 
[15:16:45]     mgmt -> 192.168.10.13: node3 root 
[15:16:45] ==> [mesh] sinh SSH key root cho từng DB node + thu thập pubkey
ssh-rsa AAAAB3NzaC1yc2EAAAADAQABAAACAQDEtLQpE7skzTu7xOOBQG9abj2+Wah8ZONg+jFADL+Bak+juI8jmnLcw0ksd57n3acWHy26pz6+e9xEhwfROYt8wL3ff+Prp72MajOCp0PVjqWyk477pUW29hysHjZewOL9EzW0nuWYZY0NhVkMb1FraFUGOAPtWnZ2gRInbd492UrR7L03Jg3pjJZ1kdAYgdBN8yX3VfpnKY5Wdi11/UOhTFeulpMFMYtpQ6PzmuoNYMWiRaXKV9Y5yl9XNjBD8vGs31j3hWX2ZKZEpr8flvRNttYyJWI4kIjQktyplYEmPMsc6ZPqvc/dX6DHNAJuXbwJ21rDKek/2W08og/BpVOsVXXA0gYdOkvMKGK6QEL1nTCdF4beT8h9Ed6LzLMWs6hsfEhy6qETJAvy7Tb/+TuMR3ticFbVu7X5L3SwVOGoQbh/Cdg1KVAE/kM5mYhFhypEwXNJVmWDnXvvf0XIqljx9wX98ctgeEOyGE1My0OSN9OOIORUwV/y2yFp/rtXh1UJivs8K639i2fSK8+r/jaeDzypPoP9slrEH23Ov2XkD6mR4syMAznLzpr/TFr/+oKvEEW/i67ac1YmQ7Fb2zJ/DccHwa9tgJJZfrsBtpRzQMo1ukgxU/J2dLex0i3ZNGlNG6wfbn0am5jA/nH+5UJgCLznAZFa73S1RH/QEDSdwQ== root@node1
ssh-rsa AAAAB3NzaC1yc2EAAAADAQABAAACAQDiYg+j1GfEAyX7ik4UvcfjKQdiCYJ5+IYLQkU6o56t6qvM969UBEiheXIIwBsrlj5ithHnijzzJRPawB4eyVmpa7N7fqOez8fLcvvlR4prGjdsIGozrS9P7VBPpqZv338DOe7bvZxuZWydyifBzo9Z1kcaoEiX96SfSojTcyo9E9s5/elFg1+mgPJP9ZW1+br7uXpPrgMs+6TBvOdU3o4VWIkbQyw+b74Wj0LdNMpSBNwNL6ZIr7w80K95G/NLFMj9CJpOwqtUG9ajRh4sbIokFZA7urPmbWAQaUk5ksOdcYyadg7BlH/eZo9YJzJm3of4K3U+WTq3vx+zwNJTT55XoyQD+M3QPqjkRHztlxGtzWNIcmiJrstak3/rLI0N2oXPtmdiEVgWaz+U58Aliz4VOl7rYGekrqYkZHsXJdiKox+K15l3Sw5iTk+okDSekhcxJ+glIVSxVrNLnpCSOdignAJ76nCnytinTrp71QtHCpMSmUtQgmzuaNc63kqOFfn0Q/fTAvwPn6bsWuK+Aex7orHxswBRtp6r0jkpVEGO07zb6QyoTZu5ESQc5R1pZWGeo1Iwm04TUm4aEVXa22Cb1ZvbPxOVFwOBASyDER92iEN+nYGO4HcFHJNMGD4E9T7VHBqzVJQRcoPW5SL3esBAaMVa1QkK96Bzi/Ma9SR+Kw== root@node2
ssh-rsa AAAAB3NzaC1yc2EAAAADAQABAAACAQCsCMmYP6Jp249202Wt8XAtzvdUmKWzfMqMbqAF+/6W0qgcVRc9iX7IgyEpQOAsnCDdWX5zlro3J/hxMRP5Tpj8ZClIPbicFdT1rNF6btYWtY2RoR+ryUiO637KU1zcw9gwJqcRl9YheumZqS7LcqKBbSnWCpJ70t37LKVdGBtTEoiT8Eweh5VqVM5TH0bOp/6cjCHAeIFjR4OgNWKbDbhltTN/yDrkMF851YaEdjsY1kp/KlvhMJEQU/oKLtAg5oTeZhhD0s/F+ed8/1IPUWgZuYpLSLysNUCdSEg5l7ESD2f+JyqvX7YYoE0NwrP5OUvniHiPgN9UZ7TqXGmGbI3sqaDPIKaKR3JS09sXdvr5b3bIu58ZnfRwZ/BFOurluLx42qLg0ei+KM6HFNeUhmQNdNPRkwShiWcOCEc3m2w0012N6llKCaBfbyUOLCEtTFpp8ScUjPGw6Guz/GWSJVOtzsgrHG3UyEN5cEMVLXjE9pkQ/u6jvKQJCyR/nZvlZdEAsPztvZkFGHY5R7DOuLxChgxkdLolwrRWZdWjSntqV7dNt+S6ILEO+n7RHxmdpRSmiskU2JxKewAKrOrx5NRZZREfa9NfB/JyEug9jdvDGDhEMK/4qnLCKNjag89RHzeIgP4GQiOeUg3c/tp44bGk25BZWErnGcWEIMLnx3Lq8Q== root@node3
[15:17:26] ==> [mesh] cài pubkey của 3 DB nodes vào authorized_keys của nhau
[15:18:06] ==> [mesh] Test SSH between DB nodes (chỉ pair khác nhau — self-SSH không cần)
[15:18:06]     node1 -> 192.168.10.11: SKIP (self)
[15:18:13]     node1 -> 192.168.10.12: node2
[15:18:19]     node1 -> 192.168.10.13: node3
[15:18:27]     node2 -> 192.168.10.11: node1
[15:18:27]     node2 -> 192.168.10.12: SKIP (self)
[15:18:34]     node2 -> 192.168.10.13: node3
[15:18:41]     node3 -> 192.168.10.11: node1
[15:18:48]     node3 -> 192.168.10.12: node2
[15:18:48]     node3 -> 192.168.10.13: SKIP (self)
[15:18:48] ==> Bước 2 hoàn tất. Tiếp theo: bash demo/04-mha/03-mha-node-install.sh
[15:22:16] ==> [mgmt] Bật root login + sinh SSH key (nếu chưa có)
ssh-rsa AAAAB3NzaC1yc2EAAAADAQABAAACAQCrmvuEutTs1G3Mu5SjSP3GVZZBugnZE/nVdbjzpteoTpqG+/x6w7ED8gHz9xvl7VYJ7CQYQtfP3wcJTflGnKouRp6OZsylhyVSNhi5wTP+1qKxdGw1VWmatZ6Z1t6kXM1EOb+ZJK6drHrlKPkKJADg+RQPEVOlu1IH/0FgSqqlOWFn0taCvQQzlg9Bm0/jenOx48aBd55j9Zum65XhInTjRNR8ixbMAveCrnbQMfsGS/vr18Hhpsd3NZl4JhoVepPnwUwE5kGn5qHbFef4lzgqqr6TukkgKZVzQ3D46gxX09pSzhAyXw+xhD4pURiW8T2M6qN8ycf6Jb6DHX01IDq89kBhkY7SH8IQ0ICj1owGAGHNtiPvHMa8Hxqt5fWhR2/95kAEIk7rY9eCBkoZtHiBwcH1NGBMeVyW/6zvTjvQv7AuF9HkaT2rsxUWW8MAVyj46I8hlUJZFa584YdsqWI6iT0BSwYTbHUmm8wHMekWBy8ZlE3fJhfEs1EmXPTAdwv2Aoh0X6eSEmG9oKQl92ERxaeA7qs1fUW43hZerYutI+y53q5HZmaZKaL0xP8Xo6bYYB9lty58vCH9qwQMfzFmniFUuxfoi78BWk0eRGnhqCfxOGZwc/LMFTk0qzURXcVQZ4HAqMieRa0Okr/TakZKrULT0Ofuj6Uax+SNgPxFcw== root@mgmt
[15:22:26] ==> Pubkey mgmt (head): ssh-rsa AAAAB3NzaC1yc2EAAAADAQABAAACAQCrmvuEutTs1G3Mu5SjSP3G...
[15:22:26] ==> Copy pubkey mgmt vào /root/.ssh/authorized_keys trên 3 DB nodes
[15:22:40] ==> [mgmt] Tạo ~/.ssh/config cho root để bỏ strict host check
[15:22:45] ==> Test SSH passwordless từ root@mgmt
[15:22:50]     mgmt -> 192.168.10.11: node1  root  
[15:22:56]     mgmt -> 192.168.10.12: node2  root  
[15:23:01]     mgmt -> 192.168.10.13: node3  root  
[15:23:01] ==> [mesh] sinh SSH key root cho từng DB node + thu thập pubkey
ssh-rsa AAAAB3NzaC1yc2EAAAADAQABAAACAQDEtLQpE7skzTu7xOOBQG9abj2+Wah8ZONg+jFADL+Bak+juI8jmnLcw0ksd57n3acWHy26pz6+e9xEhwfROYt8wL3ff+Prp72MajOCp0PVjqWyk477pUW29hysHjZewOL9EzW0nuWYZY0NhVkMb1FraFUGOAPtWnZ2gRInbd492UrR7L03Jg3pjJZ1kdAYgdBN8yX3VfpnKY5Wdi11/UOhTFeulpMFMYtpQ6PzmuoNYMWiRaXKV9Y5yl9XNjBD8vGs31j3hWX2ZKZEpr8flvRNttYyJWI4kIjQktyplYEmPMsc6ZPqvc/dX6DHNAJuXbwJ21rDKek/2W08og/BpVOsVXXA0gYdOkvMKGK6QEL1nTCdF4beT8h9Ed6LzLMWs6hsfEhy6qETJAvy7Tb/+TuMR3ticFbVu7X5L3SwVOGoQbh/Cdg1KVAE/kM5mYhFhypEwXNJVmWDnXvvf0XIqljx9wX98ctgeEOyGE1My0OSN9OOIORUwV/y2yFp/rtXh1UJivs8K639i2fSK8+r/jaeDzypPoP9slrEH23Ov2XkD6mR4syMAznLzpr/TFr/+oKvEEW/i67ac1YmQ7Fb2zJ/DccHwa9tgJJZfrsBtpRzQMo1ukgxU/J2dLex0i3ZNGlNG6wfbn0am5jA/nH+5UJgCLznAZFa73S1RH/QEDSdwQ== root@node1
ssh-rsa AAAAB3NzaC1yc2EAAAADAQABAAACAQDiYg+j1GfEAyX7ik4UvcfjKQdiCYJ5+IYLQkU6o56t6qvM969UBEiheXIIwBsrlj5ithHnijzzJRPawB4eyVmpa7N7fqOez8fLcvvlR4prGjdsIGozrS9P7VBPpqZv338DOe7bvZxuZWydyifBzo9Z1kcaoEiX96SfSojTcyo9E9s5/elFg1+mgPJP9ZW1+br7uXpPrgMs+6TBvOdU3o4VWIkbQyw+b74Wj0LdNMpSBNwNL6ZIr7w80K95G/NLFMj9CJpOwqtUG9ajRh4sbIokFZA7urPmbWAQaUk5ksOdcYyadg7BlH/eZo9YJzJm3of4K3U+WTq3vx+zwNJTT55XoyQD+M3QPqjkRHztlxGtzWNIcmiJrstak3/rLI0N2oXPtmdiEVgWaz+U58Aliz4VOl7rYGekrqYkZHsXJdiKox+K15l3Sw5iTk+okDSekhcxJ+glIVSxVrNLnpCSOdignAJ76nCnytinTrp71QtHCpMSmUtQgmzuaNc63kqOFfn0Q/fTAvwPn6bsWuK+Aex7orHxswBRtp6r0jkpVEGO07zb6QyoTZu5ESQc5R1pZWGeo1Iwm04TUm4aEVXa22Cb1ZvbPxOVFwOBASyDER92iEN+nYGO4HcFHJNMGD4E9T7VHBqzVJQRcoPW5SL3esBAaMVa1QkK96Bzi/Ma9SR+Kw== root@node2
ssh-rsa AAAAB3NzaC1yc2EAAAADAQABAAACAQCsCMmYP6Jp249202Wt8XAtzvdUmKWzfMqMbqAF+/6W0qgcVRc9iX7IgyEpQOAsnCDdWX5zlro3J/hxMRP5Tpj8ZClIPbicFdT1rNF6btYWtY2RoR+ryUiO637KU1zcw9gwJqcRl9YheumZqS7LcqKBbSnWCpJ70t37LKVdGBtTEoiT8Eweh5VqVM5TH0bOp/6cjCHAeIFjR4OgNWKbDbhltTN/yDrkMF851YaEdjsY1kp/KlvhMJEQU/oKLtAg5oTeZhhD0s/F+ed8/1IPUWgZuYpLSLysNUCdSEg5l7ESD2f+JyqvX7YYoE0NwrP5OUvniHiPgN9UZ7TqXGmGbI3sqaDPIKaKR3JS09sXdvr5b3bIu58ZnfRwZ/BFOurluLx42qLg0ei+KM6HFNeUhmQNdNPRkwShiWcOCEc3m2w0012N6llKCaBfbyUOLCEtTFpp8ScUjPGw6Guz/GWSJVOtzsgrHG3UyEN5cEMVLXjE9pkQ/u6jvKQJCyR/nZvlZdEAsPztvZkFGHY5R7DOuLxChgxkdLolwrRWZdWjSntqV7dNt+S6ILEO+n7RHxmdpRSmiskU2JxKewAKrOrx5NRZZREfa9NfB/JyEug9jdvDGDhEMK/4qnLCKNjag89RHzeIgP4GQiOeUg3c/tp44bGk25BZWErnGcWEIMLnx3Lq8Q== root@node3
[15:23:29] ==> [mesh] cài pubkey của 3 DB nodes vào authorized_keys của nhau
[15:23:57] ==> [mesh] Test SSH between DB nodes (chỉ pair khác nhau — self-SSH không cần)
[15:23:57]     node1 -> 192.168.10.11: SKIP (self)
[15:24:02]     node1 -> 192.168.10.12: node2
[15:24:08]     node1 -> 192.168.10.13: node3
[15:24:13]     node2 -> 192.168.10.11: node1
[15:24:13]     node2 -> 192.168.10.12: SKIP (self)
[15:24:18]     node2 -> 192.168.10.13: node3
[15:24:23]     node3 -> 192.168.10.11: node1
[15:24:28]     node3 -> 192.168.10.12: node2
[15:24:28]     node3 -> 192.168.10.13: SKIP (self)
[15:24:28] ==> Bước 2 hoàn tất. Tiếp theo: bash demo/04-mha/03-mha-node-install.sh
[22:15:08] ==> [mgmt] Bật root login + sinh SSH key (nếu chưa có)
Generating public/private rsa key pair.
Your identification has been saved in /root/.ssh/id_rsa
Your public key has been saved in /root/.ssh/id_rsa.pub
The key fingerprint is:
SHA256:WBRNhLQ45AWBI9KP2KftUEelC1daPqtQDTNh2KnA3xQ root@mgmt
The key's randomart image is:
+---[RSA 4096]----+
| o   +EOO*o      |
|. = ++=#...      |
| + *.*O *        |
|. o *+o= o       |
|   =..o S        |
|  o .. .         |
|   o  .          |
|    .            |
|                 |
+----[SHA256]-----+
ssh-rsa AAAAB3NzaC1yc2EAAAADAQABAAACAQCz7msYWjV1gFhTCfFrdXqb5sNCBdUR8pIFikLc41xcler2FBCsFGm0HkbmPJZ+2NzckRjR24uEAmwxUkHKI35JvXDhJ3zubAWn0t1UqsNSmWSSdNI2qViWdaF52pWceU87PwDexe2wm+3haaewp5fiktsnNpcLl1RKmqUf/5I82KHTsVBz3DEwcRGSVfd/XPprOuwrahEKDwsKZQlUhYALO7tlPdGN1tZSLLuYEmyE1ukEgkxc9/C5nVXbzuQrLwSEXO91ltmJKvfv376yBZqYh9Wkp/Fub7DPtgQ11eMoXviwSaXmy/Em48nmmi9jCI6U/u9+bbQqPl26o8lcvlSaBPJFbqvIjWvuy8QvxfsFwEbSqTT+ETKIY3785Se5nraA5T7uY8CYQ9SPiCYxJtYKKX87cbmMW//8sV8zKLXD3L+LEww+sP6TiN8JTI+qjRNgF2FeDZ8axYW4HJ4h+4r7uwGSBZxCZpRNpqwZ/vgbivbJZuDoUaJXXRIDYqBKDXsqUnqdy7CAlMBXHLIj4QN5fQmNLqF4j+K3nlH6F6rirbrtoWPqXrtgrq9LINb1Os/zbGqPAzJ/fQpQyfy7sGFKJsgPnmuSPuzrp+nWFvZlAEJ2jhQn77ku8Yner7VCTegENJHSTZhfVE5+55CBM/iD1zmffhrNpuCOgwZHQaq9lQ== root@mgmt
[22:15:19] ==> Pubkey mgmt (head): ssh-rsa AAAAB3NzaC1yc2EAAAADAQABAAACAQCz7msYWjV1gFhTCfFrdXqb...
[22:15:19] ==> Copy pubkey mgmt vào /root/.ssh/authorized_keys trên 3 DB nodes
[22:15:34] ==> [mgmt] Tạo ~/.ssh/config cho root để bỏ strict host check
[22:15:39] ==> Test SSH passwordless từ root@mgmt
[22:15:44]     mgmt -> 192.168.10.11: node1  root  
[22:15:49]     mgmt -> 192.168.10.12: node2  root  
[22:15:54]     mgmt -> 192.168.10.13: node3  root  
[22:15:54] ==> [mesh] sinh SSH key root cho từng DB node + thu thập pubkey
Generating public/private rsa key pair.
Your identification has been saved in /root/.ssh/id_rsa
Your public key has been saved in /root/.ssh/id_rsa.pub
The key fingerprint is:
SHA256:C+E8ydi1CZGiMWrHJksezV2kWqfpveKmjR7cBmV3tyI root@node1
The key's randomart image is:
+---[RSA 4096]----+
|      oo         |
|  o . oo         |
| .++.*+o.. .     |
|.=.*=B==.o. .    |
|+ *o.oOES. .     |
| o. + .o...      |
|   o + ..        |
|    =o  .        |
|  .++o..         |
+----[SHA256]-----+
ssh-rsa AAAAB3NzaC1yc2EAAAADAQABAAACAQDSCY7vLgiOIE9JRGmBCR7w/empshYBWDR1dqXOGow5n6WlEY+3gkIrSK0tYqryyywCNV9gMeIA8sm7xmE1AC8+IP8p/WJoegSzxKRq9a5HWrSCfUZ9dBcKZ6bqaVCBiSLzfBRTk6tdd9byAmkKDme/e1JzVMCeeNNg+8iQwUyrZAna7Eb3Zvk8CuEmDIk/Vcf7jqwI9sjwQmVsxm2N+V/Tf9IKR4jqAHpIu1mpfPQEQHQ2VfhBRLY4dX7rVvXABOu7BpNlWCpwG7jTqTu3pqQhQQ2ZRSIUykplQtTw9ovR3o3wB6SuPEi1MDI4u3eNv7jJOesttSdHt2LEnSkurLSAxMATDKGToyg39Giba36kgKnHBdkJBPoqvBlIVR+0/2OAEEKKqMQrBH8HyiQ7w+xJMbDwOJ4s5jg4cPC7m5iVeENMJq35k/owi6WhLthmBNFt+R/N55du3x1Xljjp/aR/ERu89/3lCf2Qk5dEKDk/ECZrWx4iWLcmNDqCjs45m5J5LMAqIGiIQdCeJ1gC15piHokDWvVxreKuvNZFJJ1gdNITHqAfr6oBeQRHQCvhh1/c75ff9A4q0i6brC8LtvdHm/m4qRqkY2HHmPw1chI1+tA8bVM2cSS4UIcSKJfVeNM403jeXCm916mhEokDnb+/3GmUh/SDU1ayu1IvNuBqHQ== root@node1
Generating public/private rsa key pair.
Your identification has been saved in /root/.ssh/id_rsa
Your public key has been saved in /root/.ssh/id_rsa.pub
The key fingerprint is:
SHA256:QFGQ79vOLYrGpjvtnnEkez14nE0ZNL0s0AYufPpyGaA root@node2
The key's randomart image is:
+---[RSA 4096]----+
|      +=. .oo.   |
|     ... ...o..  |
|      ..+ oo.. . |
|       o.=  .oo  |
|      E.S . o.   |
|       +.= *     |
|     oo =oX .    |
|    . =*.=oo     |
|    oO= .oo..    |
+----[SHA256]-----+
ssh-rsa AAAAB3NzaC1yc2EAAAADAQABAAACAQCaAhL7igthhtxR5f7+lHndgKDztvR7kuAqjjyFUNHx7v9CeTY64ewaRCze53gmIHH6ivex/Xx4Ul41kVfTQHCxixNXvSk0k5umYRddnEsBECTYuTjB66axKqTlvl8aozPeNKtaPltk3AOXxe+T5dG90wOkAyfxNbkKwv9JPKR8cpWViQ1v+bH+UA+BduABf4qFnuOl8Od5iO0iDAgJu2u/iPotR/xJnY+hd4uDS9sbC4agQciDqGXs0X76FKTajRbdv5aIS7bkOSBgZniYXYriBLsov2dldvSqLg87IpI6f4RUg+rjK6VlejJ8cQO797IuEOLEBfkLkJBVH/O74fo0L8OwqraPCf4LOrCPqRnGHyOPJkNUGastxm0thLhGenQonGMqZqWXQTZoF6Ac429P8ed4CwrRmlunfCLFSKZUTsZfWTR7dKEgGgX3qD7FuzXwyT/6O7l0leffxJ+bnDV4RV+gSV9x0RgyKP1H34Z+OYlfLUtIkLJL2hyBhPGJVZpy7GRyb68vPHMQXXqCNpBvzA2imSu1Jagf7b7XhKSCgGg8IJ02lNf9Selfws7hCx9cX2KT1AE4KJUdZXiwa4NDn7q/Bc6s/osKYO1SXHJcIlH5vDBR4nPRsi/yeJOJ2bPLFcUBXFbQG8LhCAsKj8sqws73xsYV59rGmdu0X1CGhQ== root@node2
Generating public/private rsa key pair.
Your identification has been saved in /root/.ssh/id_rsa
Your public key has been saved in /root/.ssh/id_rsa.pub
The key fingerprint is:
SHA256:y/rK+V+hCRxXveknsLlLQme9cnFWhvxe+EwNq0FKEo0 root@node3
The key's randomart image is:
+---[RSA 4096]----+
|        .o  ..   |
|        E... ... |
|        o o . +oo|
|       . = o..o*o|
|        S o === B|
|       . + =o+oXo|
|        o + =.oo+|
|     . o   +.o   |
|      =+o.. ..   |
+----[SHA256]-----+
ssh-rsa AAAAB3NzaC1yc2EAAAADAQABAAACAQDqeBo4GSJvDzIORCKnqq75JGEbeYR144FH342EawttJl+NwWBCSfDnK8tpN1Uq1G57mj3xC1uBfmDqTS2A1+vpbPC5dpEl8snTSGRP6vzLWxvRYUXsxRQZa5y4yEv6l5DGGfZukl1fjZQMlDsgzSMl1R0I1CyzaerbwBq3T6kY0NHX5fGDGNKwrmCihKcHyDfU0Dp2SEjqfB8dt768devPxOgo5ZpTTKvvnpAhKuYrSzwyDjUKYQv0BGtXhPJZpT/2hL82c/0ttojtP9gb9+oP/QrTEICN0sQFCv4+K3EvzV+Ri+VZLRbQYaXUBFTXN+eNnbQdHVoXM+mlqaJtq94v183qk8oeXW81BqjHLCpyiMDGSbfmX07x+SXHYH2O+W3JXcl+On2O0oMSK/Ms/aT7dzp+vEa4lGNDprTGwL53u0EYw4EPA4p9G9ZdJx0J37i/7ci1wNHjVTWj/8AirHj66429Br303InLhK0pEpgZ5WjqCpWOSlddJDdCEQi2jQk8nnYQ7fyixcWGQQN5BZP6g1DzVK+FtLxql95ZJQKi79PBSXfeOQ1tzE3WUUxmwwozA+HPt2u3y915YBPe5kgwToSXeMpTh9jYs6Zq9f1g6Z1HhGwfBsq67p9sSSxa2QzWCl3idaoDELVAReXPNpsnbslQigZdSdObRGHqoONnxQ== root@node3
[22:16:26] ==> [mesh] cài pubkey của 3 DB nodes vào authorized_keys của nhau
[22:16:54] ==> [mesh] Test SSH between DB nodes (chỉ pair khác nhau — self-SSH không cần)
[22:16:54]     node1 -> 192.168.10.11: SKIP (self)
[22:16:59]     node1 -> 192.168.10.12: node2
[22:17:04]     node1 -> 192.168.10.13: node3
[22:17:09]     node2 -> 192.168.10.11: node1
[22:17:09]     node2 -> 192.168.10.12: SKIP (self)
[22:17:14]     node2 -> 192.168.10.13: node3
[22:17:19]     node3 -> 192.168.10.11: node1
[22:17:24]     node3 -> 192.168.10.12: node2
[22:17:24]     node3 -> 192.168.10.13: SKIP (self)
[22:17:24] ==> Bước 2 hoàn tất. Tiếp theo: bash demo/04-mha/03-mha-node-install.sh
[11:36:41] ==> [mgmt] Bật root login + sinh SSH key (nếu chưa có)
ssh-rsa AAAAB3NzaC1yc2EAAAADAQABAAACAQCXLMhxq3LBaNjRb+gZWvHfM476IZ60idd2zKf9ABz73mqyFDQuPHKtPd/A5q0BD+olkpKijxw6sIJ+t6qHTPotJXuoix9h+or92e/zorEA5gdyz2HAs/lLrVJ3ZEvWJljnMRBRumK+6dQm2L9E2sjHCexQrZD1VRfJy9NrxoIeRa9/rVGN2ynMz7lXNrUkLbtFuM+kVuvBf2NdWzNYL31RDGMWrvIg93hfeean7ngh5YVNUdYZ48GKPrmVfLm7rrJcsvGV6yx2EdgtElgVIe5NaeOuB3DYIcboDzR7SznmRxC+WBuMgJzKr/st09Z516zLHPAF/iRtO7ikkPq5mcliHSOKKyGAldsxVxS2usTI/x+HTThVSNZlcRn6S9kDv6J2iZb+M9+S6OAyvoNQS/KSZ8BiElVuxJh+tUPHCN8/C7XMGpaOyYF0asmj40bhgz6jjTdS2vNZ0UbjWVLdLMkEiHzPH5+tDU5HBq7CpLZA+/TlZ/HJyixnnJ1BIaO8Ujfg0BSnpe3T8Fuu82HPYoANQVPcbnE4k4ICaqzLv3kh3+YjjUsOaHa8m+8bT1KPBEraixFZQW7NLsMdOo8KRNBua7IkF0WBiWwsb8VXWiWqwnzHwyf+PuQCo+33OQOxMcdRfqSar+sb29MiOm/9+z8pIiXt0/sSPN/dXtzFU2Gktw== mysql-ha-cluster
[11:36:49] ==> Pubkey mgmt (head): ssh-rsa AAAAB3NzaC1yc2EAAAADAQABAAACAQCXLMhxq3LBaNjRb+gZWvHf...
[11:36:49] ==> Copy pubkey mgmt vào /root/.ssh/authorized_keys trên 3 DB nodes
[11:37:02] ==> [mgmt] Tạo ~/.ssh/config cho root để bỏ strict host check
[11:37:06] ==> Test SSH passwordless từ root@mgmt
[11:37:10]     mgmt -> 192.168.10.11: node1  root  
[11:37:14]     mgmt -> 192.168.10.12: node2  root  
[11:37:18]     mgmt -> 192.168.10.13: node3  root  
[11:37:18] ==> [mesh] sinh SSH key root cho từng DB node + thu thập pubkey
ssh-rsa AAAAB3NzaC1yc2EAAAADAQABAAACAQCXLMhxq3LBaNjRb+gZWvHfM476IZ60idd2zKf9ABz73mqyFDQuPHKtPd/A5q0BD+olkpKijxw6sIJ+t6qHTPotJXuoix9h+or92e/zorEA5gdyz2HAs/lLrVJ3ZEvWJljnMRBRumK+6dQm2L9E2sjHCexQrZD1VRfJy9NrxoIeRa9/rVGN2ynMz7lXNrUkLbtFuM+kVuvBf2NdWzNYL31RDGMWrvIg93hfeean7ngh5YVNUdYZ48GKPrmVfLm7rrJcsvGV6yx2EdgtElgVIe5NaeOuB3DYIcboDzR7SznmRxC+WBuMgJzKr/st09Z516zLHPAF/iRtO7ikkPq5mcliHSOKKyGAldsxVxS2usTI/x+HTThVSNZlcRn6S9kDv6J2iZb+M9+S6OAyvoNQS/KSZ8BiElVuxJh+tUPHCN8/C7XMGpaOyYF0asmj40bhgz6jjTdS2vNZ0UbjWVLdLMkEiHzPH5+tDU5HBq7CpLZA+/TlZ/HJyixnnJ1BIaO8Ujfg0BSnpe3T8Fuu82HPYoANQVPcbnE4k4ICaqzLv3kh3+YjjUsOaHa8m+8bT1KPBEraixFZQW7NLsMdOo8KRNBua7IkF0WBiWwsb8VXWiWqwnzHwyf+PuQCo+33OQOxMcdRfqSar+sb29MiOm/9+z8pIiXt0/sSPN/dXtzFU2Gktw== mysql-ha-cluster
ssh-rsa AAAAB3NzaC1yc2EAAAADAQABAAACAQCXLMhxq3LBaNjRb+gZWvHfM476IZ60idd2zKf9ABz73mqyFDQuPHKtPd/A5q0BD+olkpKijxw6sIJ+t6qHTPotJXuoix9h+or92e/zorEA5gdyz2HAs/lLrVJ3ZEvWJljnMRBRumK+6dQm2L9E2sjHCexQrZD1VRfJy9NrxoIeRa9/rVGN2ynMz7lXNrUkLbtFuM+kVuvBf2NdWzNYL31RDGMWrvIg93hfeean7ngh5YVNUdYZ48GKPrmVfLm7rrJcsvGV6yx2EdgtElgVIe5NaeOuB3DYIcboDzR7SznmRxC+WBuMgJzKr/st09Z516zLHPAF/iRtO7ikkPq5mcliHSOKKyGAldsxVxS2usTI/x+HTThVSNZlcRn6S9kDv6J2iZb+M9+S6OAyvoNQS/KSZ8BiElVuxJh+tUPHCN8/C7XMGpaOyYF0asmj40bhgz6jjTdS2vNZ0UbjWVLdLMkEiHzPH5+tDU5HBq7CpLZA+/TlZ/HJyixnnJ1BIaO8Ujfg0BSnpe3T8Fuu82HPYoANQVPcbnE4k4ICaqzLv3kh3+YjjUsOaHa8m+8bT1KPBEraixFZQW7NLsMdOo8KRNBua7IkF0WBiWwsb8VXWiWqwnzHwyf+PuQCo+33OQOxMcdRfqSar+sb29MiOm/9+z8pIiXt0/sSPN/dXtzFU2Gktw== mysql-ha-cluster
ssh-rsa AAAAB3NzaC1yc2EAAAADAQABAAACAQCXLMhxq3LBaNjRb+gZWvHfM476IZ60idd2zKf9ABz73mqyFDQuPHKtPd/A5q0BD+olkpKijxw6sIJ+t6qHTPotJXuoix9h+or92e/zorEA5gdyz2HAs/lLrVJ3ZEvWJljnMRBRumK+6dQm2L9E2sjHCexQrZD1VRfJy9NrxoIeRa9/rVGN2ynMz7lXNrUkLbtFuM+kVuvBf2NdWzNYL31RDGMWrvIg93hfeean7ngh5YVNUdYZ48GKPrmVfLm7rrJcsvGV6yx2EdgtElgVIe5NaeOuB3DYIcboDzR7SznmRxC+WBuMgJzKr/st09Z516zLHPAF/iRtO7ikkPq5mcliHSOKKyGAldsxVxS2usTI/x+HTThVSNZlcRn6S9kDv6J2iZb+M9+S6OAyvoNQS/KSZ8BiElVuxJh+tUPHCN8/C7XMGpaOyYF0asmj40bhgz6jjTdS2vNZ0UbjWVLdLMkEiHzPH5+tDU5HBq7CpLZA+/TlZ/HJyixnnJ1BIaO8Ujfg0BSnpe3T8Fuu82HPYoANQVPcbnE4k4ICaqzLv3kh3+YjjUsOaHa8m+8bT1KPBEraixFZQW7NLsMdOo8KRNBua7IkF0WBiWwsb8VXWiWqwnzHwyf+PuQCo+33OQOxMcdRfqSar+sb29MiOm/9+z8pIiXt0/sSPN/dXtzFU2Gktw== mysql-ha-cluster
[11:37:42] ==> [mesh] cài pubkey của 3 DB nodes vào authorized_keys của nhau
[11:38:12] ==> [mesh] Test SSH between DB nodes (chỉ pair khác nhau — self-SSH không cần)
[11:38:12]     node1 -> 192.168.10.11: SKIP (self)
[11:38:16]     node1 -> 192.168.10.12: node2
[11:38:20]     node1 -> 192.168.10.13: node3
[11:38:24]     node2 -> 192.168.10.11: node1
[11:38:24]     node2 -> 192.168.10.12: SKIP (self)
[11:38:29]     node2 -> 192.168.10.13: node3
[11:38:33]     node3 -> 192.168.10.11: node1
[11:38:37]     node3 -> 192.168.10.12: node2
[11:38:37]     node3 -> 192.168.10.13: SKIP (self)
[11:38:37] ==> Bước 2 hoàn tất. Tiếp theo: bash demo/04-mha/03-mha-node-install.sh
