[17:34:16] ==> Bootstrap PXC cluster trên node1 (systemctl start mysql@bootstrap.service)
[10:34:24] ==> Bootstrap PXC cluster trên node1
Job for mysql@bootstrap.service failed because a fatal signal was delivered to the control process.
See "systemctl status mysql@bootstrap.service" and "journalctl -xeu mysql@bootstrap.service" for details.
systemctl: unrecognized option '--bootstrap'
[17:44:11] ==> Bootstrap PXC cluster trên node1 (systemctl start mysql@bootstrap.service)
[10:44:19] ==> Bootstrap PXC cluster trên node1
[10:44:30] ==> Set root password (idempotent)
mysql: [Warning] Using a password on the command line interface can be insecure.
wsrep_local_state_comment	Synced
wsrep_cluster_size	1
wsrep_ready	ON
[10:44:30] ==> node1 đã thành primary của Galera cluster. Tiếp theo: join-node.sh trên node2 & node3.
[17:44:29] ==> Đợi 5s + verify wsrep status
mysql: [Warning] Using a password on the command line interface can be insecure.
Variable_name	Value
wsrep_cluster_size	1
wsrep_cluster_status	Primary
wsrep_connected	ON
wsrep_local_state_comment	Synced
wsrep_ready	ON
[17:44:42] ==> Bước 4 hoàn tất. Tiếp theo: bash demo/06-galera/05-join-node2-node3.sh
[14:18:36] ==> Bootstrap PXC cluster trên node1 (systemctl start mysql@bootstrap.service)
[07:18:50] ==> Bootstrap PXC cluster trên node1
[07:19:01] ==> Set root password (idempotent)
mysql: [Warning] Using a password on the command line interface can be insecure.
wsrep_local_state_comment	Synced
wsrep_cluster_size	1
wsrep_ready	ON
[07:19:01] ==> node1 đã thành primary của Galera cluster. Tiếp theo: join-node.sh trên node2 & node3.
[14:18:54] ==> Đợi 5s + verify wsrep status
mysql: [Warning] Using a password on the command line interface can be insecure.
Variable_name	Value
wsrep_cluster_size	1
wsrep_cluster_status	Primary
wsrep_connected	ON
wsrep_local_state_comment	Synced
wsrep_ready	ON
[14:19:05] ==> Bước 4 hoàn tất. Tiếp theo: bash demo/06-galera/05-join-node2-node3.sh
[14:45:17] ==> Bootstrap PXC cluster trên node1 (systemctl start mysql@bootstrap.service)
[07:45:28] ==> Bootstrap PXC cluster trên node1
[07:45:39] ==> Set root password (idempotent)
mysql: [Warning] Using a password on the command line interface can be insecure.
wsrep_local_state_comment	Synced
wsrep_cluster_size	1
wsrep_ready	ON
[07:45:39] ==> node1 đã thành primary của Galera cluster. Tiếp theo: join-node.sh trên node2 & node3.
[14:45:32] ==> Đợi 5s + verify wsrep status
mysql: [Warning] Using a password on the command line interface can be insecure.
+---------------------------+---------+
| Variable_name             | Value   |
+---------------------------+---------+
| wsrep_cluster_size        | 1       |
| wsrep_cluster_status      | Primary |
| wsrep_connected           | ON      |
| wsrep_local_state_comment | Synced  |
| wsrep_ready               | ON      |
+---------------------------+---------+
[14:45:43] ==> Bước 4 hoàn tất. Tiếp theo: bash demo/06-galera/05-join-node2-node3.sh
