[14:47:24] ================ VERIFY GALERA CLUSTER ================
[14:47:24] --- node1 ---
[ OK ] [node1] mysql active
[ OK ] [node1] port 3306 listening
[ OK ] [node1] port 4567 listening
[ OK ] [node1] wsrep_cluster_size=3
[ OK ] [node1] wsrep_cluster_status=Primary
[ OK ] [node1] wsrep_local_state_comment=Synced
[ OK ] [node1] wsrep_ready=ON
[ OK ] [node1] wsrep_connected=ON
[14:48:04] --- node2 ---
[ OK ] [node2] mysql active
[ OK ] [node2] port 3306 listening
[ OK ] [node2] port 4567 listening
[ OK ] [node2] wsrep_cluster_size=3
[ OK ] [node2] wsrep_cluster_status=Primary
[ OK ] [node2] wsrep_local_state_comment=Synced
[ OK ] [node2] wsrep_ready=ON
[ OK ] [node2] wsrep_connected=ON
[14:48:45] --- node3 ---
[ OK ] [node3] mysql active
[ OK ] [node3] port 3306 listening
[ OK ] [node3] port 4567 listening
[ OK ] [node3] wsrep_cluster_size=3
[ OK ] [node3] wsrep_cluster_status=Primary
[ OK ] [node3] wsrep_local_state_comment=Synced
[ OK ] [node3] wsrep_ready=ON
[ OK ] [node3] wsrep_connected=ON
[ OK ] [node1] innodb_autoinc_lock_mode=2
[ OK ] [node2] innodb_autoinc_lock_mode=2
[ OK ] [node3] innodb_autoinc_lock_mode=2
[14:49:36] ================ KẾT QUẢ ================
[14:49:36] VERIFY_PASS=true
VERIFY_PASS=true
